data-science/data/preprocessed_dataset.csv
date,store_id,item_id,sales,price,promo,weekday,month,year,day,day_of_week,sales_log
2021-01-01,0,22,1.5,0.1928645294725957,1,4,1,2021,1,0,4.060443010546419
2021-01-02,0,22,0.3,0.6199586349534643,0,5,1,2021,2,2,3.5263605246161616
2021-01-03,0,22,0.5,0.6199586349534643,0,6,1,2021,3,3,3.6375861597263857
2021-01-04,0,22,0.65,0.6199586349534643,0,0,1,2021,4,1,3.713572066704308
2021-01-05,0,22,1.3,0.6199586349534643,0,1,1,2021,5,5,3.9889840465642745
2021-01-06,0,22,1.05,0.6199586349534643,0,2,1,2021,6,6,3.8918202981106265
2021-01-07,0,22,1.05,0.6199586349534643,0,3,1,2021,7,4,3.8918202981106265
2021-01-08,0,22,0.8,0.6199586349534643,0,4,1,2021,8,0,3.784189633918261
2021-01-09,0,22,0.15,0.6199586349534643,0,5,1,2021,9,2,3.4339872044851463
2021-01-10,0,22,0.4,0.6199586349534643,0,6,1,2021,10,3,3.58351893845611
2021-01-11,0,22,0.95,0.6199586349534643,0,0,1,2021,11,1,3.8501476017100584
2021-01-13,0,22,1.2,0.6199586349534643,0,2,1,2021,13,6,3.9512437185814275
2021-01-14,0,22,0.9,0.6199586349534643,0,3,1,2021,14,4,3.828641396489095
2021-01-15,0,22,0.8,0.6199586349534643,0,4,1,2021,15,0,3.784189633918261
2021-01-16,0,22,0.6,0.6199586349534643,0,5,1,2021,16,2,3.6888794541139363
2021-01-17,0,22,0.35,0.6199586349534643,0,6,1,2021,17,3,3.5553480614894135
2021-01-18,0,22,0.7,0.6199586349534643,0,0,1,2021,18,1,3.7376696182833684
2021-01-19,0,22,1.25,0.6199586349534643,0,1,1,2021,19,5,3.970291913552122
2021-01-20,0,22,1.45,0.6199586349534643,0,2,1,2021,20,6,4.04305126783455
2021-01-21,0,22,1.05,0.6199586349534643,0,3,1,2021,21,4,3.8918202981106265
2021-01-22,0,22,0.8,0.6199586349534643,0,4,1,2021,22,0,3.784189633918261
2021-01-23,0,22,0.35,0.6199586349534643,0,5,1,2021,23,2,3.5553480614894135
2021-01-24,0,22,1.2,0.1928645294725957,1,6,1,2021,24,3,3.9512437185814275
2021-01-25,0,22,0.9,0.6199586349534643,0,0,1,2021,25,1,3.828641396489095
2021-01-26,0,22,1.3,0.6199586349534643,0,1,1,2021,26,5,3.9889840465642745
2021-01-27,0,22,1.35,0.6199586349534643,0,2,1,2021,27,6,4.007333185232471
2021-01-28,0,22,1.0,0.6199586349534643,0,3,1,2021,28,4,3.871201010907891
2021-01-29,0,22,0.5,0.6199586349534643,0,4,1,2021,29,0,3.6375861597263857
2021-01-30,0,22,0.45,0.6199586349534643,0,5,1,2021,30,2,3.6109179126442243
2021-01-31,0,22,1.75,0.1928645294725957,1,6,1,2021,31,3,4.143134726391533
2021-02-02,0,22,1.55,0.6199586349534643,0,1,2,2021,2,5,4.07753744390572
2021-02-03,0,22,1.35,0.6199586349534643,0,2,2,2021,3,6,4.007333185232471
2021-02-04,0,22,1.05,0.6199586349534643,0,3,2,2021,4,4,3.8918202981106265
2021-02-05,0,22,0.9,0.6199586349534643,0,4,2,2021,5,0,3.828641396489095
2021-02-06,0,22,0.7,0.6199586349534643,0,5,2,2021,6,2,3.7376696182833684
2021-02-07,0,22,0.75,0.6199586349534643,0,6,2,2021,7,3,3.7612001156935624
2021-02-08,0,22,2.0,0.1928645294725957,1,0,2,2021,8,1,4.219507705176107
2021-02-09,0,22,1.35,0.6199586349534643,0,1,2,2021,9,5,4.007333185232471
2021-02-10,0,22,1.55,0.6199586349534643,0,2,2,2021,10,6,4.07753744390572
2021-02-11,0,22,1.4,0.6199586349534643,0,3,2,2021,11,4,4.02535169073515
2021-02-13,0,22,0.65,0.6199586349534643,0,5,2,2021,13,2,3.713572066704308
2021-02-14,0,22,0.8,0.6199586349534643,0,6,2,2021,14,3,3.784189633918261
2021-02-15,0,22,1.15,0.6199586349534643,0,0,2,2021,15,1,3.9318256327243257
2021-02-16,0,22,1.65,0.6199586349534643,0,1,2,2021,16,5,4.110873864173311
2021-02-17,0,22,1.7,0.6199586349534643,0,2,2,2021,17,6,4.127134385045092
2021-02-18,0,22,1.4,0.6199586349534643,0,3,2,2021,18,4,4.02535169073515
2021-02-19,0,22,0.9,0.6199586349534643,0,4,2,2021,19,0,3.828641396489095
2021-02-20,0,22,0.7,0.6199586349534643,0,5,2,2021,20,2,3.7376696182833684
2021-02-21,0,22,0.85,0.6199586349534643,0,6,2,2021,21,3,3.8066624897703196
2021-02-22,0,22,1.2,0.6199586349534643,0,0,2,2021,22,1,3.9512437185814275
2021-02-23,0,22,1.65,0.6199586349534643,0,1,2,2021,23,5,4.110873864173311
2021-02-24,0,22,1.9,0.6199586349534643,0,2,2,2021,24,6,4.189654742026425
2021-02-26,0,22,0.9,0.6199586349534643,0,4,2,2021,26,0,3.828641396489095
2021-02-27,0,22,0.85,0.6199586349534643,0,5,2,2021,27,2,3.8066624897703196
2021-02-28,0,22,0.6,0.6199586349534643,0,6,2,2021,28,3,3.6888794541139363
2021-03-01,0,22,1.05,0.6199586349534643,0,0,3,2021,1,1,3.8918202981106265
2021-03-02,0,22,1.7,0.6199586349534643,0,1,3,2021,2,5,4.127134385045092
2021-03-03,0,22,1.8,0.6199586349534643,0,2,3,2021,3,6,4.1588830833596715
2021-03-04,0,22,1.3,0.6199586349534643,0,3,3,2021,4,4,3.9889840465642745
2021-03-05,0,22,0.95,0.6199586349534643,0,4,3,2021,5,0,3.8501476017100584
2021-03-06,0,22,0.65,0.6199586349534643,0,5,3,2021,6,2,3.713572066704308
2021-03-07,0,22,0.8,0.6199586349534643,0,6,3,2021,7,3,3.784189633918261
2021-03-08,0,22,1.4,0.6199586349534643,0,0,3,2021,8,1,4.02535169073515
2021-03-09,0,22,1.8,0.6199586349534643,0,1,3,2021,9,5,4.1588830833596715
2021-03-10,0,22,1.8,0.6199586349534643,0,2,3,2021,10,6,4.1588830833596715
2021-03-12,0,22,0.85,0.6199586349534643,0,4,3,2021,12,0,3.8066624897703196
2021-03-13,0,22,1.0,0.6199586349534643,0,5,3,2021,13,2,3.871201010907891
2021-03-14,0,22,0.95,0.6199586349534643,0,6,3,2021,14,3,3.8501476017100584
2021-03-16,0,22,1.8,0.6199586349534643,0,1,3,2021,16,5,4.1588830833596715
2021-03-17,0,22,1.8,0.6199586349534643,0,2,3,2021,17,6,4.1588830833596715
2021-03-18,0,22,1.5,0.6199586349534643,0,3,3,2021,18,4,4.060443010546419
2021-03-20,0,22,0.7,0.6199586349534643,0,5,3,2021,20,2,3.7376696182833684
2021-03-21,0,22,0.85,0.6199586349534643,0,6,3,2021,21,3,3.8066624897703196
2021-03-22,0,22,1.35,0.6199586349534643,0,0,3,2021,22,1,4.007333185232471
2021-03-23,0,22,1.65,0.6199586349534643,0,1,3,2021,23,5,4.110873864173311
2021-03-24,0,22,1.95,0.6199586349534643,0,2,3,2021,24,6,4.204692619390966
2021-03-25,0,22,1.85,0.6199586349534643,0,3,3,2021,25,4,4.174387269895637
2021-03-26,0,22,0.95,0.6199586349534643,0,4,3,2021,26,0,3.8501476017100584
2021-03-27,0,22,0.55,0.6199586349534643,0,5,3,2021,27,2,3.6635616461296463
2021-03-28,0,22,0.6,0.6199586349534643,0,6,3,2021,28,3,3.6888794541139363
2021-03-29,0,22,1.3,0.6199586349534643,0,0,3,2021,29,1,3.9889840465642745
2021-03-30,0,22,1.65,0.6199586349534643,0,1,3,2021,30,5,4.110873864173311
2021-03-31,0,22,1.9,0.6199586349534643,0,2,3,2021,31,6,4.189654742026425
2021-04-01,0,22,1.6,0.6199586349534643,0,3,4,2021,1,4,4.0943445622221
2021-04-02,0,22,0.85,0.6199586349534643,0,4,4,2021,2,0,3.8066624897703196
2021-04-03,0,22,0.55,0.6199586349534643,0,5,4,2021,3,2,3.6635616461296463
2021-04-04,0,22,0.95,0.6199586349534643,0,6,4,2021,4,3,3.8501476017100584
2021-04-05,0,22,1.35,0.6199586349534643,0,0,4,2021,5,1,4.007333185232471
2021-04-06,0,22,1.7,0.6199586349534643,0,1,4,2021,6,5,4.127134385045092
2021-04-07,0,22,1.6,0.6199586349534643,0,2,4,2021,7,6,4.0943445622221
2021-04-08,0,22,1.65,0.6199586349534643,0,3,4,2021,8,4,4.110873864173311
2021-04-09,0,22,1.3,0.6199586349534643,0,4,4,2021,9,0,3.9889840465642745
2021-04-10,0,22,0.85,0.6199586349534643,0,5,4,2021,10,2,3.8066624897703196
2021-04-11,0,22,0.8,0.6199586349534643,0,6,4,2021,11,3,3.784189633918261
2021-04-13,0,22,1.55,0.6199586349534643,0,1,4,2021,13,5,4.07753744390572
2021-04-15,0,22,1.55,0.6199586349534643,0,3,4,2021,15,4,4.07753744390572
2021-04-16,0,22,2.05,0.1928645294725957,1,4,4,2021,16,0,4.23410650459726
2021-04-17,0,22,0.75,0.6199586349534643,0,5,4,2021,17,2,3.7612001156935624
2021-04-18,0,22,0.95,0.6199586349534643,0,6,4,2021,18,3,3.8501476017100584
2021-04-19,0,22,1.25,0.6199586349534643,0,0,4,2021,19,1,3.970291913552122
2021-04-20,0,22,1.65,0.6199586349534643,0,1,4,2021,20,5,4.110873864173311
2021-04-22,0,22,1.6,0.6199586349534643,0,3,4,2021,22,4,4.0943445622221
2021-04-23,0,22,0.95,0.6199586349534643,0,4,4,2021,23,0,3.8501476017100584
2021-04-24,0,22,1.5,0.1928645294725957,1,5,4,2021,24,2,4.060443010546419
2021-04-25,0,22,0.8,0.6199586349534643,0,6,4,2021,25,3,3.784189633918261
2021-04-26,0,22,1.45,0.6199586349534643,0,0,4,2021,26,1,4.04305126783455
2021-04-27,0,22,1.65,0.6199586349534643,0,1,4,2021,27,5,4.110873864173311
2021-04-29,0,22,1.55,0.6199586349534643,0,3,4,2021,29,4,4.07753744390572
2021-04-30,0,22,1.1,0.6199586349534643,0,4,4,2021,30,0,3.912023005428146
2021-05-01,0,22,0.75,0.6199586349534643,0,5,5,2021,1,2,3.7612001156935624
2021-05-02,0,22,0.85,0.6199586349534643,0,6,5,2021,2,3,3.8066624897703196
2021-05-03,0,22,1.2,0.6199586349534643,0,0,5,2021,3,1,3.9512437185814275
2021-05-06,0,22,1.3,0.6199586349534643,0,3,5,2021,6,4,3.9889840465642745
2021-05-07,0,22,0.85,0.6199586349534643,0,4,5,2021,7,0,3.8066624897703196
2021-05-08,0,22,0.55,0.6199586349534643,0,5,5,2021,8,2,3.6635616461296463
2021-05-09,0,22,1.1,0.6199586349534643,0,6,5,2021,9,3,3.912023005428146
2021-05-10,0,22,1.3,0.6199586349534643,0,0,5,2021,10,1,3.9889840465642745
2021-05-12,0,22,1.55,0.6199586349534643,0,2,5,2021,12,6,4.07753744390572
2021-05-13,0,22,1.5,0.6199586349534643,0,3,5,2021,13,4,4.060443010546419
2021-05-14,0,22,0.95,0.6199586349534643,0,4,5,2021,14,0,3.8501476017100584
2021-05-15,0,22,0.7,0.6199586349534643,0,5,5,2021,15,2,3.7376696182833684
2021-05-16,0,22,0.65,0.6199586349534643,0,6,5,2021,16,3,3.713572066704308
2021-05-17,0,22,1.2,0.6199586349534643,0,0,5,2021,17,1,3.9512437185814275
2021-05-18,0,22,1.5,0.6199586349534643,0,1,5,2021,18,5,4.060443010546419
2021-05-20,0,22,1.45,0.6199586349534643,0,3,5,2021,20,4,4.04305126783455
2021-05-21,0,22,0.7,0.6199586349534643,0,4,5,2021,21,0,3.7376696182833684
2021-05-22,0,22,0.75,0.6199586349534643,0,5,5,2021,22,2,3.7612001156935624
2021-05-23,0,22,0.85,0.6199586349534643,0,6,5,2021,23,3,3.8066624897703196
2021-05-24,0,22,0.95,0.6199586349534643,0,0,5,2021,24,1,3.8501476017100584
2021-05-25,0,22,1.35,0.6199586349534643,0,1,5,2021,25,5,4.007333185232471
2021-05-27,0,22,1.35,0.6199586349534643,0,3,5,2021,27,4,4.007333185232471
2021-05-28,0,22,0.85,0.6199586349534643,0,4,5,2021,28,0,3.8066624897703196
2021-05-29,0,22,0.65,0.6199586349534643,0,5,5,2021,29,2,3.713572066704308
2021-05-30,0,22,0.95,0.6199586349534643,0,6,5,2021,30,3,3.8501476017100584
2021-05-31,0,22,0.95,0.6199586349534643,0,0,5,2021,31,1,3.8501476017100584
2021-06-01,0,22,1.15,0.6199586349534643,0,1,6,2021,1,5,3.9318256327243257
2021-06-02,0,22,1.6,0.6199586349534643,0,2,6,2021,2,6,4.0943445622221
2021-06-03,0,22,1.5,0.6199586349534643,0,3,6,2021,3,4,4.060443010546419
2021-06-04,0,22,0.85,0.6199586349534643,0,4,6,2021,4,0,3.8066624897703196
2021-06-05,0,22,0.4,0.6199586349534643,0,5,6,2021,5,2,3.58351893845611
2021-06-06,0,22,0.6,0.6199586349534643,0,6,6,2021,6,3,3.6888794541139363
2021-06-07,0,22,0.8,0.6199586349534643,0,0,6,2021,7,1,3.784189633918261
2021-06-09,0,22,1.2,0.6199586349534643,0,2,6,2021,9,6,3.9512437185814275
2021-06-10,0,22,1.1,0.6199586349534643,0,3,6,2021,10,4,3.912023005428146
2021-06-11,0,22,0.6,0.6199586349534643,0,4,6,2021,11,0,3.6888794541139363
2021-06-12,0,22,0.5,0.6199586349534643,0,5,6,2021,12,2,3.6375861597263857
2021-06-13,0,22,0.5,0.6199586349534643,0,6,6,2021,13,3,3.6375861597263857
2021-06-14,0,22,0.95,0.6199586349534643,0,0,6,2021,14,1,3.8501476017100584
2021-06-15,0,22,1.25,0.6199586349534643,0,1,6,2021,15,5,3.970291913552122
2021-06-16,0,22,1.2,0.6199586349534643,0,2,6,2021,16,6,3.9512437185814275
2021-06-17,0,22,1.15,0.6199586349534643,0,3,6,2021,17,4,3.9318256327243257
2021-06-18,0,22,0.65,0.6199586349534643,0,4,6,2021,18,0,3.713572066704308
2021-06-19,0,22,0.3,0.6199586349534643,0,5,6,2021,19,2,3.5263605246161616
2021-06-20,0,22,0.85,0.6199586349534643,0,6,6,2021,20,3,3.8066624897703196
2021-06-21,0,22,0.9,0.6199586349534643,0,0,6,2021,21,1,3.828641396489095
2021-06-22,0,22,1.15,0.6199586349534643,0,1,6,2021,22,5,3.9318256327243257
2021-06-23,0,22,1.45,0.6199586349534643,0,2,6,2021,23,6,4.04305126783455
2021-06-24,0,22,1.3,0.6199586349534643,0,3,6,2021,24,4,3.9889840465642745
2021-06-25,0,22,0.6,0.6199586349534643,0,4,6,2021,25,0,3.6888794541139363
2021-06-26,0,22,0.45,0.6199586349534643,0,5,6,2021,26,2,3.6109179126442243
2021-06-27,0,22,0.3,0.6199586349534643,0,6,6,2021,27,3,3.5263605246161616
2021-06-28,0,22,0.75,0.6199586349534643,0,0,6,2021,28,1,3.7612001156935624
2021-06-29,0,22,1.05,0.6199586349534643,0,1,6,2021,29,5,3.8918202981106265
2021-06-30,0,22,1.2,0.6199586349534643,0,2,6,2021,30,6,3.9512437185814275
2021-07-01,0,22,0.95,0.6199586349534643,0,3,7,2021,1,4,3.8501476017100584
2021-07-02,0,22,0.65,0.6199586349534643,0,4,7,2021,2,0,3.713572066704308
2021-07-03,0,22,0.35,0.6199586349534643,0,5,7,2021,3,2,3.5553480614894135
2021-07-04,0,22,0.2,0.6199586349534643,0,6,7,2021,4,3,3.4657359027997265
2021-07-05,0,22,0.55,0.6199586349534643,0,0,7,2021,5,1,3.6635616461296463
2021-07-06,0,22,0.95,0.6199586349534643,0,1,7,2021,6,5,3.8501476017100584
2021-07-07,0,22,1.05,0.6199586349534643,0,2,7,2021,7,6,3.8918202981106265
2021-07-08,0,22,1.0,0.6199586349534643,0,3,7,2021,8,4,3.871201010907891
2021-07-09,0,22,0.3,0.6199586349534643,0,4,7,2021,9,0,3.5263605246161616
2021-07-10,0,22,0.2,0.6199586349534643,0,5,7,2021,10,2,3.4657359027997265
2021-07-11,0,22,0.45,0.6199586349534643,0,6,7,2021,11,3,3.6109179126442243
2021-07-12,0,22,0.6,0.6199586349534643,0,0,7,2021,12,1,3.6888794541139363
2021-07-13,0,22,1.0,0.6199586349534643,0,1,7,2021,13,5,3.871201010907891
2021-07-15,0,22,0.8,0.6199586349534643,0,3,7,2021,15,4,3.784189633918261
2021-07-16,0,22,0.4,0.6199586349534643,0,4,7,2021,16,0,3.58351893845611
2021-07-17,0,22,0.3,0.6199586349534643,0,5,7,2021,17,2,3.5263605246161616
2021-07-18,0,22,0.05,0.6199586349534643,0,6,7,2021,18,3,3.367295829986474
2021-07-19,0,22,0.5,0.6199586349534643,0,0,7,2021,19,1,3.6375861597263857
2021-07-20,0,22,0.9,0.6199586349534643,0,1,7,2021,20,5,3.828641396489095
2021-07-21,0,22,1.0,0.6199586349534643,0,2,7,2021,21,6,3.871201010907891
2021-07-22,0,22,0.9,0.6199586349534643,0,3,7,2021,22,4,3.828641396489095
2021-07-23,0,22,0.3,0.6199586349534643,0,4,7,2021,23,0,3.5263605246161616
2021-07-24,0,22,0.35,0.6199586349534643,0,5,7,2021,24,2,3.5553480614894135
2021-07-25,0,22,0.1,0.6199586349534643,0,6,7,2021,25,3,3.4011973816621555
2021-07-26,0,22,0.7,0.6199586349534643,0,0,7,2021,26,1,3.7376696182833684
2021-07-27,0,22,1.95,0.1928645294725957,1,1,7,2021,27,5,4.204692619390966
2021-07-28,0,22,1.75,0.1928645294725957,1,2,7,2021,28,6,4.143134726391533
2021-07-29,0,22,0.65,0.6199586349534643,0,3,7,2021,29,4,3.713572066704308
2021-07-30,0,22,0.3,0.6199586349534643,0,4,7,2021,30,0,3.5263605246161616
2021-07-31,0,22,0.9,0.1928645294725957,1,5,7,2021,31,2,3.828641396489095
2021-08-01,0,22,0.1,0.6199586349534643,0,6,8,2021,1,3,3.4011973816621555
2021-08-02,0,22,0.35,0.6199586349534643,0,0,8,2021,2,1,3.5553480614894135
2021-08-03,0,22,0.9,0.6199586349534643,0,1,8,2021,3,5,3.828641396489095
2021-08-04,0,22,0.75,0.6199586349534643,0,2,8,2021,4,6,3.7612001156935624
2021-08-05,0,22,0.65,0.6199586349534643,0,3,8,2021,5,4,3.713572066704308
2021-08-06,0,22,0.2,0.6199586349534643,0,4,8,2021,6,0,3.4657359027997265
2021-08-07,0,22,0.3,0.6199586349534643,0,5,8,2021,7,2,3.5263605246161616
2021-08-08,0,22,0.0,0.6199586349534643,0,6,8,2021,8,3,3.332204510175204
2021-08-09,0,22,0.25,0.6199586349534643,0,0,8,2021,9,1,3.4965075614664802
2021-08-10,0,22,0.85,0.6199586349534643,0,1,8,2021,10,5,3.8066624897703196
2021-08-11,0,22,0.6,0.6199586349534643,0,2,8,2021,11,6,3.6888794541139363
2021-08-12,0,22,0.7,0.6199586349534643,0,3,8,2021,12,4,3.7376696182833684
2021-08-13,0,22,0.3,0.6199586349534643,0,4,8,2021,13,0,3.5263605246161616
2021-08-14,0,22,-0.05,0.6199586349534643,0,5,8,2021,14,2,3.295836866004329
2021-08-15,0,22,-0.2,0.6199586349534643,0,6,8,2021,15,3,3.1780538303479458
2021-08-16,0,22,0.3,0.6199586349534643,0,0,8,2021,16,1,3.5263605246161616
2021-08-17,0,22,0.55,0.6199586349534643,0,1,8,2021,17,5,3.6635616461296463
2021-08-18,0,22,0.8,0.6199586349534643,0,2,8,2021,18,6,3.784189633918261
2021-08-19,0,22,0.65,0.6199586349534643,0,3,8,2021,19,4,3.713572066704308
2021-08-20,0,22,0.05,0.6199586349534643,0,4,8,2021,20,0,3.367295829986474
2021-08-21,0,22,0.05,0.6199586349534643,0,5,8,2021,21,2,3.367295829986474
2021-08-22,0,22,0.15,0.6199586349534643,0,6,8,2021,22,3,3.4339872044851463
2021-08-23,0,22,0.4,0.6199586349534643,0,0,8,2021,23,1,3.58351893845611
2021-08-24,0,22,0.55,0.6199586349534643,0,1,8,2021,24,5,3.6635616461296463
2021-08-25,0,22,0.25,0.6199586349534643,0,2,8,2021,25,6,3.4965075614664802
2021-08-26,0,22,0.35,0.6199586349534643,0,3,8,2021,26,4,3.5553480614894135
2021-08-27,0,22,0.65,0.1928645294725957,1,4,8,2021,27,0,3.713572066704308
2021-08-28,0,22,-0.1,0.6199586349534643,0,5,8,2021,28,2,3.258096538021482
2021-08-29,0,22,0.1,0.6199586349534643,0,6,8,2021,29,3,3.4011973816621555
2021-08-30,0,22,0.25,0.6199586349534643,0,0,8,2021,30,1,3.4965075614664802
2021-08-31,0,22,0.6,0.6199586349534643,0,1,8,2021,31,5,3.6888794541139363
2021-09-01,0,22,0.55,0.6199586349534643,0,2,9,2021,1,6,3.6635616461296463
2021-09-02,0,22,0.15,0.6199586349534643,0,3,9,2021,2,4,3.4339872044851463
2021-09-03,0,22,-0.3,0.6199586349534643,0,4,9,2021,3,0,3.091042453358316
2021-09-04,0,22,-0.1,0.6199586349534643,0,5,9,2021,4,2,3.258096538021482
2021-09-05,0,22,-0.1,0.6199586349534643,0,6,9,2021,5,3,3.258096538021482
2021-09-06,0,22,0.05,0.6199586349534643,0,0,9,2021,6,1,3.367295829986474
2021-09-07,0,22,0.15,0.6199586349534643,0,1,9,2021,7,5,3.4339872044851463
2021-09-08,0,22,1.25,0.1928645294725957,1,2,9,2021,8,6,3.970291913552122
2021-09-09,0,22,0.25,0.6199586349534643,0,3,9,2021,9,4,3.4965075614664802
2021-09-10,0,22,0.15,0.6199586349534643,0,4,9,2021,10,0,3.4339872044851463
2021-09-11,0,22,-0.1,0.6199586349534643,0,5,9,2021,11,2,3.258096538021482
2021-09-12,0,22,0.15,0.6199586349534643,0,6,9,2021,12,3,3.4339872044851463
2021-09-13,0,22,0.0,0.6199586349534643,0,0,9,2021,13,1,3.332204510175204
2021-09-14,0,22,0.5,0.6199586349534643,0,1,9,2021,14,5,3.6375861597263857
2021-09-15,0,22,0.45,0.6199586349534643,0,2,9,2021,15,6,3.6109179126442243
2021-09-16,0,22,1.2,0.1928645294725957,1,3,9,2021,16,4,3.9512437185814275
2021-09-17,0,22,-0.05,0.6199586349534643,0,4,9,2021,17,0,3.295836866004329
