data-science/data/preprocessed_dataset.csv
date,store_id,item_id,sales,price,promo,weekday,month,year,day,day_of_week,sales_log
2022-05-30,0,22,1.2,0.6199586349534643,0,0,5,2022,30,1,3.9512437185814275
2022-05-31,0,22,1.45,0.6199586349534643,0,1,5,2022,31,5,4.04305126783455
2022-06-01,0,22,1.75,0.6199586349534643,0,2,6,2022,1,6,4.143134726391533
2022-06-02,0,22,1.4,0.6199586349534643,0,3,6,2022,2,4,4.02535169073515
2022-06-03,0,22,0.55,0.6199586349534643,0,4,6,2022,3,0,3.6635616461296463
2022-06-04,0,22,0.7,0.6199586349534643,0,5,6,2022,4,2,3.7376696182833684
2022-06-05,0,22,0.8,0.6199586349534643,0,6,6,2022,5,3,3.784189633918261
2022-06-06,0,22,1.1,0.6199586349534643,0,0,6,2022,6,1,3.912023005428146
2022-06-07,0,22,1.6,0.6199586349534643,0,1,6,2022,7,5,4.0943445622221
2022-06-08,0,22,1.45,0.6199586349534643,0,2,6,2022,8,6,4.04305126783455
2022-06-09,0,22,1.35,0.6199586349534643,0,3,6,2022,9,4,4.007333185232471
2022-06-10,0,22,1.75,0.1928645294725957,1,4,6,2022,10,0,4.143134726391533
2022-06-11,0,22,0.65,0.6199586349534643,0,5,6,2022,11,2,3.713572066704308
2022-06-12,0,22,2.0,0.1928645294725957,1,6,6,2022,12,3,4.219507705176107
2022-06-13,0,22,0.9,0.6199586349534643,0,0,6,2022,13,1,3.828641396489095
2022-06-14,0,22,1.3,0.6199586349534643,0,1,6,2022,14,5,3.9889840465642745
2022-06-16,0,22,1.25,0.6199586349534643,0,3,6,2022,16,4,3.970291913552122
2022-06-17,0,22,0.65,0.6199586349534643,0,4,6,2022,17,0,3.713572066704308
2022-06-18,0,22,0.6,0.6199586349534643,0,5,6,2022,18,2,3.6888794541139363
2022-06-19,0,22,0.75,0.6199586349534643,0,6,6,2022,19,3,3.7612001156935624
2022-06-20,0,22,1.05,0.6199586349534643,0,0,6,2022,20,1,3.8918202981106265
2022-06-21,0,22,1.05,0.6199586349534643,0,1,6,2022,21,5,3.8918202981106265
2022-06-22,0,22,1.55,0.6199586349534643,0,2,6,2022,22,6,4.07753744390572
2022-06-23,0,22,1.3,0.6199586349534643,0,3,6,2022,23,4,3.9889840465642745
2022-06-24,0,22,0.85,0.6199586349534643,0,4,6,2022,24,0,3.8066624897703196
2022-06-25,0,22,0.55,0.6199586349534643,0,5,6,2022,25,2,3.6635616461296463
2022-06-26,0,22,0.6,0.6199586349534643,0,6,6,2022,26,3,3.6888794541139363
2022-06-27,0,22,1.05,0.6199586349534643,0,0,6,2022,27,1,3.8918202981106265
2022-06-28,0,22,1.5,0.6199586349534643,0,1,6,2022,28,5,4.060443010546419
2022-06-29,0,22,1.15,0.6199586349534643,0,2,6,2022,29,6,3.9318256327243257
2022-06-30,0,22,1.2,0.6199586349534643,0,3,6,2022,30,4,3.9512437185814275
2022-07-01,0,22,0.65,0.6199586349534643,0,4,7,2022,1,0,3.713572066704308
2022-07-02,0,22,0.4,0.6199586349534643,0,5,7,2022,2,2,3.58351893845611
2022-07-03,0,22,0.25,0.6199586349534643,0,6,7,2022,3,3,3.4965075614664802
2022-07-04,0,22,1.85,0.1928645294725957,1,0,7,2022,4,1,4.174387269895637
2022-07-05,0,22,1.0,0.6199586349534643,0,1,7,2022,5,5,3.871201010907891
2022-07-06,0,22,1.15,0.6199586349534643,0,2,7,2022,6,6,3.9318256327243257
2022-07-07,0,22,0.8,0.6199586349534643,0,3,7,2022,7,4,3.784189633918261
2022-07-08,0,22,0.5,0.6199586349534643,0,4,7,2022,8,0,3.6375861597263857
2022-07-09,0,22,0.3,0.6199586349534643,0,5,7,2022,9,2,3.5263605246161616
2022-07-10,0,22,0.45,0.6199586349534643,0,6,7,2022,10,3,3.6109179126442243
2022-07-11,0,22,0.5,0.6199586349534643,0,0,7,2022,11,1,3.6375861597263857
2022-07-12,0,22,0.85,0.6199586349534643,0,1,7,2022,12,5,3.8066624897703196
2022-07-13,0,22,1.2,0.6199586349534643,0,2,7,2022,13,6,3.9512437185814275
2022-07-14,0,22,0.75,0.6199586349534643,0,3,7,2022,14,4,3.7612001156935624
2022-07-15,0,22,0.7,0.6199586349534643,0,4,7,2022,15,0,3.7376696182833684
2022-07-16,0,22,0.3,0.6199586349534643,0,5,7,2022,16,2,3.5263605246161616
2022-07-17,0,22,0.45,0.6199586349534643,0,6,7,2022,17,3,3.6109179126442243
2022-07-18,0,22,0.9,0.6199586349534643,0,0,7,2022,18,1,3.828641396489095
2022-07-19,0,22,0.9,0.6199586349534643,0,1,7,2022,19,5,3.828641396489095
2022-07-20,0,22,0.95,0.6199586349534643,0,2,7,2022,20,6,3.8501476017100584
2022-07-21,0,22,0.95,0.6199586349534643,0,3,7,2022,21,4,3.8501476017100584
2022-07-22,0,22,0.55,0.6199586349534643,0,4,7,2022,22,0,3.6635616461296463
2022-07-23,0,22,0.2,0.6199586349534643,0,5,7,2022,23,2,3.4657359027997265
2022-07-24,0,22,1.35,0.1928645294725957,1,6,7,2022,24,3,4.007333185232471
2022-07-25,0,22,0.55,0.6199586349534643,0,0,7,2022,25,1,3.6635616461296463
2022-07-26,0,22,0.9,0.6199586349534643,0,1,7,2022,26,5,3.828641396489095
2022-07-27,0,22,0.95,0.6199586349534643,0,2,7,2022,27,6,3.8501476017100584
2022-07-28,0,22,0.6,0.6199586349534643,0,3,7,2022,28,4,3.6888794541139363
2022-07-29,0,22,0.4,0.6199586349534643,0,4,7,2022,29,0,3.58351893845611
2022-07-30,0,22,0.4,0.6199586349534643,0,5,7,2022,30,2,3.58351893845611
2022-07-31,0,22,0.3,0.6199586349534643,0,6,7,2022,31,3,3.5263605246161616
2022-08-01,0,22,0.55,0.6199586349534643,0,0,8,2022,1,1,3.6635616461296463
2022-08-02,0,22,0.8,0.6199586349534643,0,1,8,2022,2,5,3.784189633918261
2022-08-03,0,22,0.9,0.6199586349534643,0,2,8,2022,3,6,3.828641396489095
2022-08-04,0,22,0.75,0.6199586349534643,0,3,8,2022,4,4,3.7612001156935624
2022-08-05,0,22,0.4,0.6199586349534643,0,4,8,2022,5,0,3.58351893845611
2022-08-06,0,22,0.05,0.6199586349534643,0,5,8,2022,6,2,3.367295829986474
2022-08-07,0,22,0.25,0.6199586349534643,0,6,8,2022,7,3,3.4965075614664802
2022-08-08,0,22,0.55,0.6199586349534643,0,0,8,2022,8,1,3.6635616461296463
2022-08-09,0,22,0.6,0.6199586349534643,0,1,8,2022,9,5,3.6888794541139363
2022-08-10,0,22,0.8,0.6199586349534643,0,2,8,2022,10,6,3.784189633918261
2022-08-11,0,22,0.25,0.6199586349534643,0,3,8,2022,11,4,3.4965075614664802
2022-08-12,0,22,0.35,0.6199586349534643,0,4,8,2022,12,0,3.5553480614894135
2022-08-13,0,22,0.9,0.1928645294725957,1,5,8,2022,13,2,3.828641396489095
2022-08-14,0,22,0.25,0.6199586349534643,0,6,8,2022,14,3,3.4965075614664802
2022-08-15,0,22,0.35,0.6199586349534643,0,0,8,2022,15,1,3.5553480614894135
2022-08-16,0,22,0.7,0.6199586349534643,0,1,8,2022,16,5,3.7376696182833684
2022-08-17,0,22,0.95,0.6199586349534643,0,2,8,2022,17,6,3.8501476017100584
2022-08-18,0,22,0.75,0.6199586349534643,0,3,8,2022,18,4,3.7612001156935624
2022-08-19,0,22,0.2,0.6199586349534643,0,4,8,2022,19,0,3.4657359027997265
2022-08-20,0,22,0.05,0.6199586349534643,0,5,8,2022,20,2,3.367295829986474
2022-08-21,0,22,0.25,0.6199586349534643,0,6,8,2022,21,3,3.4965075614664802
2022-08-22,0,22,0.1,0.6199586349534643,0,0,8,2022,22,1,3.4011973816621555
2022-08-23,0,22,0.55,0.6199586349534643,0,1,8,2022,23,5,3.6635616461296463
2022-08-24,0,22,0.85,0.6199586349534643,0,2,8,2022,24,6,3.8066624897703196
2022-08-25,0,22,0.6,0.6199586349534643,0,3,8,2022,25,4,3.6888794541139363
2022-08-26,0,22,0.25,0.6199586349534643,0,4,8,2022,26,0,3.4965075614664802
2022-08-27,0,22,0.45,0.1928645294725957,1,5,8,2022,27,2,3.6109179126442243
2022-08-28,0,22,0.05,0.6199586349534643,0,6,8,2022,28,3,3.367295829986474
2022-08-29,0,22,0.2,0.6199586349534643,0,0,8,2022,29,1,3.4657359027997265
2022-08-30,0,22,0.6,0.6199586349534643,0,1,8,2022,30,5,3.6888794541139363
2022-08-31,0,22,0.5,0.6199586349534643,0,2,8,2022,31,6,3.6375861597263857
2022-09-01,0,22,0.25,0.6199586349534643,0,3,9,2022,1,4,3.4965075614664802
2022-09-02,0,22,-0.15,0.6199586349534643,0,4,9,2022,2,0,3.2188758248682006
2022-09-03,0,22,0.15,0.6199586349534643,0,5,9,2022,3,2,3.4339872044851463
2022-09-04,0,22,-0.05,0.6199586349534643,0,6,9,2022,4,3,3.295836866004329
2022-09-05,0,22,0.3,0.6199586349534643,0,0,9,2022,5,1,3.5263605246161616
2022-09-06,0,22,0.5,0.6199586349534643,0,1,9,2022,6,5,3.6375861597263857
2022-09-07,0,22,0.4,0.6199586349534643,0,2,9,2022,7,6,3.58351893845611
2022-09-08,0,22,0.2,0.6199586349534643,0,3,9,2022,8,4,3.4657359027997265
2022-09-09,0,22,-0.05,0.6199586349534643,0,4,9,2022,9,0,3.295836866004329
2022-09-10,0,22,-0.2,0.6199586349534643,0,5,9,2022,10,2,3.1780538303479458
2022-09-11,0,22,0.05,0.6199586349534643,0,6,9,2022,11,3,3.367295829986474
2022-09-12,0,22,0.1,0.6199586349534643,0,0,9,2022,12,1,3.4011973816621555
2022-09-13,0,22,0.75,0.6199586349534643,0,1,9,2022,13,5,3.7612001156935624
2022-09-14,0,22,0.7,0.6199586349534643,0,2,9,2022,14,6,3.7376696182833684
2022-09-15,0,22,0.5,0.6199586349534643,0,3,9,2022,15,4,3.6375861597263857
2022-09-16,0,22,0.05,0.6199586349534643,0,4,9,2022,16,0,3.367295829986474
2022-09-17,0,22,0.15,0.6199586349534643,0,5,9,2022,17,2,3.4339872044851463
2022-09-18,0,22,-0.05,0.6199586349534643,0,6,9,2022,18,3,3.295836866004329
2022-09-19,0,22,0.2,0.6199586349534643,0,0,9,2022,19,1,3.4657359027997265
2022-09-20,0,22,0.5,0.6199586349534643,0,1,9,2022,20,5,3.6375861597263857
2022-09-21,0,22,0.6,0.6199586349534643,0,2,9,2022,21,6,3.6888794541139363
2022-09-22,0,22,0.45,0.6199586349534643,0,3,9,2022,22,4,3.6109179126442243
2022-09-23,0,22,0.0,0.6199586349534643,0,4,9,2022,23,0,3.332204510175204
2022-09-24,0,22,-0.2,0.6199586349534643,0,5,9,2022,24,2,3.1780538303479458
2022-09-25,0,22,0.05,0.6199586349534643,0,6,9,2022,25,3,3.367295829986474
2022-09-26,0,22,0.3,0.6199586349534643,0,0,9,2022,26,1,3.5263605246161616
2022-09-27,0,22,0.4,0.6199586349534643,0,1,9,2022,27,5,3.58351893845611
2022-09-28,0,22,0.25,0.6199586349534643,0,2,9,2022,28,6,3.4965075614664802
2022-09-29,0,22,0.3,0.6199586349534643,0,3,9,2022,29,4,3.5263605246161616
2022-09-30,0,22,0.15,0.6199586349534643,0,4,9,2022,30,0,3.4339872044851463
2022-10-01,0,22,0.8,0.1928645294725957,1,5,10,2022,1,2,3.784189633918261
2022-10-02,0,22,-0.2,0.6199586349534643,0,6,10,2022,2,3,3.1780538303479458
2022-10-03,0,22,0.15,0.6199586349534643,0,0,10,2022,3,1,3.4339872044851463
2022-10-04,0,22,0.4,0.6199586349534643,0,1,10,2022,4,5,3.58351893845611
2022-10-05,0,22,0.7,0.6199586349534643,0,2,10,2022,5,6,3.7376696182833684
2022-10-06,0,22,0.35,0.6199586349534643,0,3,10,2022,6,4,3.5553480614894135
2022-10-07,0,22,-0.05,0.6199586349534643,0,4,10,2022,7,0,3.295836866004329
2022-10-08,0,22,0.0,0.6199586349534643,0,5,10,2022,8,2,3.332204510175204
2022-10-09,0,22,-0.1,0.6199586349534643,0,6,10,2022,9,3,3.258096538021482
2022-10-10,0,22,0.05,0.6199586349534643,0,0,10,2022,10,1,3.367295829986474
2022-10-11,0,22,0.35,0.6199586349534643,0,1,10,2022,11,5,3.5553480614894135
2022-10-12,0,22,0.8,0.6199586349534643,0,2,10,2022,12,6,3.784189633918261
2022-10-13,0,22,0.4,0.6199586349534643,0,3,10,2022,13,4,3.58351893845611
2022-10-14,0,22,0.1,0.6199586349534643,0,4,10,2022,14,0,3.4011973816621555
2022-10-15,0,22,-0.1,0.6199586349534643,0,5,10,2022,15,2,3.258096538021482
2022-10-16,0,22,0.05,0.6199586349534643,0,6,10,2022,16,3,3.367295829986474
2022-10-17,0,22,0.3,0.6199586349534643,0,0,10,2022,17,1,3.5263605246161616
2022-10-18,0,22,0.55,0.6199586349534643,0,1,10,2022,18,5,3.6635616461296463
2022-10-19,0,22,0.55,0.6199586349534643,0,2,10,2022,19,6,3.6635616461296463
2022-10-20,0,22,0.5,0.6199586349534643,0,3,10,2022,20,4,3.6375861597263857
2022-10-21,0,22,0.1,0.6199586349534643,0,4,10,2022,21,0,3.4011973816621555
2022-10-22,0,22,-0.2,0.6199586349534643,0,5,10,2022,22,2,3.1780538303479458
2022-10-23,0,22,-0.1,0.6199586349534643,0,6,10,2022,23,3,3.258096538021482
2022-10-24,0,22,-0.05,0.6199586349534643,0,0,10,2022,24,1,3.295836866004329
2022-10-25,0,22,1.75,0.1928645294725957,1,1,10,2022,25,5,4.143134726391533
2022-10-26,0,22,0.7,0.6199586349534643,0,2,10,2022,26,6,3.7376696182833684
2022-10-27,0,22,0.3,0.6199586349534643,0,3,10,2022,27,4,3.5263605246161616
2022-10-28,0,22,0.1,0.6199586349534643,0,4,10,2022,28,0,3.4011973816621555
2022-10-29,0,22,-0.15,0.6199586349534643,0,5,10,2022,29,2,3.2188758248682006
2022-10-30,0,22,0.25,0.6199586349534643,0,6,10,2022,30,3,3.4965075614664802
2022-10-31,0,22,0.1,0.6199586349534643,0,0,10,2022,31,1,3.4011973816621555
2022-11-01,0,22,0.6,0.6199586349534643,0,1,11,2022,1,5,3.6888794541139363
2022-11-02,0,22,1.6,0.1928645294725957,1,2,11,2022,2,6,4.0943445622221
2022-11-03,0,22,0.6,0.6199586349534643,0,3,11,2022,3,4,3.6888794541139363
2022-11-04,0,22,0.15,0.6199586349534643,0,4,11,2022,4,0,3.4339872044851463
2022-11-05,0,22,0.4,0.1928645294725957,1,5,11,2022,5,2,3.58351893845611
2022-11-06,0,22,0.05,0.6199586349534643,0,6,11,2022,6,3,3.367295829986474
2022-11-07,0,22,1.05,0.1928645294725957,1,0,11,2022,7,1,3.8918202981106265
2022-11-08,0,22,1.6,0.1928645294725957,1,1,11,2022,8,5,4.0943445622221
2022-11-09,0,22,0.9,0.6199586349534643,0,2,11,2022,9,6,3.828641396489095
2022-11-10,0,22,0.25,0.6199586349534643,0,3,11,2022,10,4,3.4965075614664802
2022-11-11,0,22,0.1,0.6199586349534643,0,4,11,2022,11,0,3.4011973816621555
2022-11-12,0,22,-0.05,0.6199586349534643,0,5,11,2022,12,2,3.295836866004329
2022-11-13,0,22,0.8,0.1928645294725957,1,6,11,2022,13,3,3.784189633918261
2022-11-14,0,22,0.5,0.6199586349534643,0,0,11,2022,14,1,3.6375861597263857
2022-11-15,0,22,0.65,0.6199586349534643,0,1,11,2022,15,5,3.713572066704308
2022-11-16,0,22,0.8,0.6199586349534643,0,2,11,2022,16,6,3.784189633918261
2022-11-17,0,22,0.5,0.6199586349534643,0,3,11,2022,17,4,3.6375861597263857
2022-11-18,0,22,0.3,0.6199586349534643,0,4,11,2022,18,0,3.5263605246161616
2022-11-19,0,22,0.2,0.6199586349534643,0,5,11,2022,19,2,3.4657359027997265
2022-11-20,0,22,0.05,0.6199586349534643,0,6,11,2022,20,3,3.367295829986474
2022-11-21,0,22,0.6,0.6199586349534643,0,0,11,2022,21,1,3.6888794541139363
2022-11-22,0,22,1.8,0.1928645294725957,1,1,11,2022,22,5,4.1588830833596715
2022-11-23,0,22,1.0,0.6199586349534643,0,2,11,2022,23,6,3.871201010907891
2022-11-24,0,22,0.6,0.6199586349534643,0,3,11,2022,24,4,3.6888794541139363
2022-11-25,0,22,0.4,0.6199586349534643,0,4,11,2022,25,0,3.58351893845611
2022-11-26,0,22,0.15,0.6199586349534643,0,5,11,2022,26,2,3.4339872044851463
2022-11-27,0,22,0.2,0.6199586349534643,0,6,11,2022,27,3,3.4657359027997265
2022-11-28,0,22,1.5,0.1928645294725957,1,0,11,2022,28,1,4.060443010546419
2022-11-29,0,22,0.9,0.6199586349534643,0,1,11,2022,29,5,3.828641396489095
2022-11-30,0,22,0.75,0.6199586349534643,0,2,11,2022,30,6,3.7612001156935624
2022-12-01,0,22,0.95,0.6199586349534643,0,3,12,2022,1,4,3.8501476017100584
2022-12-02,0,22,0.1,0.6199586349534643,0,4,12,2022,2,0,3.4011973816621555
2022-12-03,0,22,0.1,0.6199586349534643,0,5,12,2022,3,2,3.4011973816621555
2022-12-04,0,22,0.25,0.6199586349534643,0,6,12,2022,4,3,3.4965075614664802
2022-12-05,0,22,0.65,0.6199586349534643,0,0,12,2022,5,1,3.713572066704308
2022-12-06,0,22,1.15,0.6199586349534643,0,1,12,2022,6,5,3.9318256327243257
2022-12-07,0,22,0.75,0.6199586349534643,0,2,12,2022,7,6,3.7612001156935624
2022-12-08,0,22,0.75,0.6199586349534643,0,3,12,2022,8,4,3.7612001156935624
2022-12-09,0,22,0.15,0.6199586349534643,0,4,12,2022,9,0,3.4339872044851463
2022-12-10,0,22,0.25,0.6199586349534643,0,5,12,2022,10,2,3.4965075614664802
2022-12-11,0,22,1.25,0.1928645294725957,1,6,12,2022,11,3,3.970291913552122
2022-12-12,0,22,0.9,0.6199586349534643,0,0,12,2022,12,1,3.828641396489095
2022-12-13,0,22,1.0,0.6199586349534643,0,1,12,2022,13,5,3.871201010907891
2022-12-15,0,22,1.0,0.6199586349534643,0,3,12,2022,15,4,3.871201010907891
2022-12-16,0,22,0.5,0.6199586349534643,0,4,12,2022,16,0,3.6375861597263857
2022-12-17,0,22,0.1,0.6199586349534643,0,5,12,2022,17,2,3.4011973816621555
2022-12-18,0,22,0.45,0.6199586349534643,0,6,12,2022,18,3,3.6109179126442243
2022-12-19,0,22,0.55,0.6199586349534643,0,0,12,2022,19,1,3.6635616461296463
2022-12-20,0,22,1.3,0.6199586349534643,0,1,12,2022,20,5,3.9889840465642745
2022-12-21,0,22,1.15,0.6199586349534643,0,2,12,2022,21,6,3.9318256327243257
2022-12-22,0,22,1.15,0.6199586349534643,0,3,12,2022,22,4,3.9318256327243257
2022-12-23,0,22,1.55,0.1928645294725957,1,4,12,2022,23,0,4.07753744390572
2022-12-24,0,22,0.45,0.6199586349534643,0,5,12,2022,24,2,3.6109179126442243
2022-12-25,0,22,0.5,0.6199586349534643,0,6,12,2022,25,3,3.6375861597263857
2022-12-26,0,22,0.85,0.6199586349534643,0,0,12,2022,26,1,3.8066624897703196
2022-12-27,0,22,1.15,0.6199586349534643,0,1,12,2022,27,5,3.9318256327243257
2022-12-28,0,22,1.35,0.6199586349534643,0,2,12,2022,28,6,4.007333185232471
2022-12-30,0,22,0.5,0.6199586349534643,0,4,12,2022,30,0,3.6375861597263857
2022-12-31,0,22,0.65,0.6199586349534643,0,5,12,2022,31,2,3.713572066704308
2023-01-01,0,22,0.65,0.6199586349534643,0,6,1,2023,1,3,3.713572066704308
2023-01-02,0,22,0.95,0.6199586349534643,0,0,1,2023,2,1,3.8501476017100584
2023-01-03,0,22,1.55,0.6199586349534643,0,1,1,2023,3,5,4.07753744390572
2023-01-04,0,22,1.35,0.6199586349534643,0,2,1,2023,4,6,4.007333185232471
2023-01-05,0,22,1.35,0.6199586349534643,0,3,1,2023,5,4,4.007333185232471
2023-01-06,0,22,0.8,0.6199586349534643,0,4,1,2023,6,0,3.784189633918261
2023-01-07,0,22,0.35,0.6199586349534643,0,5,1,2023,7,2,3.5553480614894135
2023-01-08,0,22,0.9,0.6199586349534643,0,6,1,2023,8,3,3.828641396489095
2023-01-09,0,22,1.15,0.6199586349534643,0,0,1,2023,9,1,3.9318256327243257
2023-01-10,0,22,1.35,0.6199586349534643,0,1,1,2023,10,5,4.007333185232471
2023-01-11,0,22,1.6,0.6199586349534643,0,2,1,2023,11,6,4.0943445622221
2023-01-12,0,22,1.2,0.6199586349534643,0,3,1,2023,12,4,3.9512437185814275
2023-01-13,0,22,0.95,0.6199586349534643,0,4,1,2023,13,0,3.8501476017100584
2023-01-14,0,22,0.25,0.6199586349534643,0,5,1,2023,14,2,3.4965075614664802
2023-01-15,0,22,0.55,0.6199586349534643,0,6,1,2023,15,3,3.6635616461296463
2023-01-16,0,22,1.25,0.6199586349534643,0,0,1,2023,16,1,3.970291913552122
2023-01-18,0,22,1.6,0.6199586349534643,0,2,1,2023,18,6,4.0943445622221
2023-01-19,0,22,1.15,0.6199586349534643,0,3,1,2023,19,4,3.9318256327243257
2023-01-20,0,22,1.2,0.6199586349534643,0,4,1,2023,20,0,3.9512437185814275
2023-01-21,0,22,0.85,0.6199586349534643,0,5,1,2023,21,2,3.8066624897703196
2023-01-22,0,22,0.75,0.6199586349534643,0,6,1,2023,22,3,3.7612001156935624
2023-01-23,0,22,1.1,0.6199586349534643,0,0,1,2023,23,1,3.912023005428146
2023-01-24,0,22,1.75,0.6199586349534643,0,1,1,2023,24,5,4.143134726391533
2023-01-26,0,22,1.55,0.6199586349534643,0,3,1,2023,26,4,4.07753744390572
2023-01-27,0,22,1.3,0.6199586349534643,0,4,1,2023,27,0,3.9889840465642745
2023-01-28,0,22,0.6,0.6199586349534643,0,5,1,2023,28,2,3.6888794541139363
2023-01-29,0,22,0.7,0.6199586349534643,0,6,1,2023,29,3,3.7376696182833684
2023-01-30,0,22,1.05,0.6199586349534643,0,0,1,2023,30,1,3.8918202981106265
