data-science/data/preprocessed_dataset.csv
date,store_id,item_id,sales,price,promo,weekday,month,year,day,day_of_week,sales_log
2023-01-31,0,22,1.75,0.6199586349534643,0,1,1,2023,31,5,4.143134726391533
2023-02-01,0,22,1.8,0.6199586349534643,0,2,2,2023,1,6,4.1588830833596715
2023-02-02,0,22,1.5,0.6199586349534643,0,3,2,2023,2,4,4.060443010546419
2023-02-03,0,22,1.2,0.6199586349534643,0,4,2,2023,3,0,3.9512437185814275
2023-02-04,0,22,2.05,0.1928645294725957,1,5,2,2023,4,2,4.23410650459726
2023-02-05,0,22,0.65,0.6199586349534643,0,6,2,2023,5,3,3.713572066704308
2023-02-06,0,22,1.2,0.6199586349534643,0,0,2,2023,6,1,3.9512437185814275
2023-02-07,0,22,1.85,0.6199586349534643,0,1,2,2023,7,5,4.174387269895637
2023-02-08,0,22,1.8,0.6199586349534643,0,2,2,2023,8,6,4.1588830833596715
2023-02-09,0,22,1.45,0.6199586349534643,0,3,2,2023,9,4,4.04305126783455
2023-02-10,0,22,1.25,0.6199586349534643,0,4,2,2023,10,0,3.970291913552122
2023-02-11,0,22,0.65,0.6199586349534643,0,5,2,2023,11,2,3.713572066704308
2023-02-12,0,22,0.9,0.6199586349534643,0,6,2,2023,12,3,3.828641396489095
2023-02-13,0,22,1.45,0.6199586349534643,0,0,2,2023,13,1,4.04305126783455
2023-02-14,0,22,1.75,0.6199586349534643,0,1,2,2023,14,5,4.143134726391533
2023-02-16,0,22,1.55,0.6199586349534643,0,3,2,2023,16,4,4.07753744390572
2023-02-17,0,22,1.4,0.6199586349534643,0,4,2,2023,17,0,4.02535169073515
2023-02-18,0,22,0.85,0.6199586349534643,0,5,2,2023,18,2,3.8066624897703196
2023-02-19,0,22,1.1,0.6199586349534643,0,6,2,2023,19,3,3.912023005428146
2023-02-20,0,22,1.55,0.6199586349534643,0,0,2,2023,20,1,4.07753744390572
2023-02-22,0,22,1.7,0.6199586349534643,0,2,2,2023,22,6,4.127134385045092
2023-02-23,0,22,1.75,0.6199586349534643,0,3,2,2023,23,4,4.143134726391533
2023-02-24,0,22,1.25,0.6199586349534643,0,4,2,2023,24,0,3.970291913552122
2023-02-25,0,22,1.0,0.6199586349534643,0,5,2,2023,25,2,3.871201010907891
2023-02-26,0,22,1.0,0.6199586349534643,0,6,2,2023,26,3,3.871201010907891
2023-02-27,0,22,1.4,0.6199586349534643,0,0,2,2023,27,1,4.02535169073515
2023-03-01,0,22,1.85,0.6199586349534643,0,2,3,2023,1,6,4.174387269895637
2023-03-02,0,22,1.85,0.6199586349534643,0,3,3,2023,2,4,4.174387269895637
2023-03-03,0,22,1.2,0.6199586349534643,0,4,3,2023,3,0,3.9512437185814275
2023-03-04,0,22,0.9,0.6199586349534643,0,5,3,2023,4,2,3.828641396489095
2023-03-05,0,22,1.05,0.6199586349534643,0,6,3,2023,5,3,3.8918202981106265
2023-03-06,0,22,1.4,0.6199586349534643,0,0,3,2023,6,1,4.02535169073515
2023-03-07,0,22,2.05,0.6199586349534643,0,1,3,2023,7,5,4.23410650459726
2023-03-09,0,22,1.85,0.6199586349534643,0,3,3,2023,9,4,4.174387269895637
2023-03-10,0,22,1.3,0.6199586349534643,0,4,3,2023,10,0,3.9889840465642745
2023-03-11,0,22,0.85,0.6199586349534643,0,5,3,2023,11,2,3.8066624897703196
2023-03-12,0,22,1.2,0.6199586349534643,0,6,3,2023,12,3,3.9512437185814275
2023-03-13,0,22,1.9,0.6199586349534643,0,0,3,2023,13,1,4.189654742026425
2023-03-14,0,22,1.95,0.6199586349534643,0,1,3,2023,14,5,4.204692619390966
2023-03-16,0,22,1.75,0.6199586349534643,0,3,3,2023,16,4,4.143134726391533
2023-03-17,0,22,1.25,0.6199586349534643,0,4,3,2023,17,0,3.970291913552122
2023-03-18,0,22,0.6,0.6199586349534643,0,5,3,2023,18,2,3.6888794541139363
2023-03-19,0,22,1.2,0.6199586349534643,0,6,3,2023,19,3,3.9512437185814275
2023-03-20,0,22,1.45,0.6199586349534643,0,0,3,2023,20,1,4.04305126783455
2023-03-21,0,22,1.8,0.6199586349534643,0,1,3,2023,21,5,4.1588830833596715
2023-03-23,0,22,1.7,0.6199586349534643,0,3,3,2023,23,4,4.127134385045092
2023-03-24,0,22,1.3,0.6199586349534643,0,4,3,2023,24,0,3.9889840465642745
2023-03-25,0,22,1.25,0.6199586349534643,0,5,3,2023,25,2,3.970291913552122
2023-03-26,0,22,0.95,0.6199586349534643,0,6,3,2023,26,3,3.8501476017100584
2023-03-27,0,22,1.35,0.6199586349534643,0,0,3,2023,27,1,4.007333185232471
2023-03-30,0,22,1.65,0.6199586349534643,0,3,3,2023,30,4,4.110873864173311
2023-03-31,0,22,1.4,0.6199586349534643,0,4,3,2023,31,0,4.02535169073515
2023-04-01,0,22,1.1,0.6199586349534643,0,5,4,2023,1,2,3.912023005428146
2023-04-02,0,22,0.85,0.6199586349534643,0,6,4,2023,2,3,3.8066624897703196
2023-04-03,0,22,1.75,0.6199586349534643,0,0,4,2023,3,1,4.143134726391533
2023-04-06,0,22,2.05,0.6199586349534643,0,3,4,2023,6,4,4.23410650459726
2023-04-07,0,22,1.5,0.6199586349534643,0,4,4,2023,7,0,4.060443010546419
2023-04-08,0,22,1.05,0.6199586349534643,0,5,4,2023,8,2,3.8918202981106265
2023-04-10,0,22,1.45,0.6199586349534643,0,0,4,2023,10,1,4.04305126783455
2023-04-11,0,22,2.05,0.6199586349534643,0,1,4,2023,11,5,4.23410650459726
2023-04-13,0,22,1.8,0.6199586349534643,0,3,4,2023,13,4,4.1588830833596715
2023-04-14,0,22,1.0,0.6199586349534643,0,4,4,2023,14,0,3.871201010907891
2023-04-15,0,22,1.2,0.6199586349534643,0,5,4,2023,15,2,3.9512437185814275
2023-04-16,0,22,1.15,0.6199586349534643,0,6,4,2023,16,3,3.9318256327243257
2023-04-17,0,22,1.55,0.6199586349534643,0,0,4,2023,17,1,4.07753744390572
2023-04-20,0,22,1.4,0.6199586349534643,0,3,4,2023,20,4,4.02535169073515
2023-04-22,0,22,0.8,0.6199586349534643,0,5,4,2023,22,2,3.784189633918261
2023-04-23,0,22,1.2,0.6199586349534643,0,6,4,2023,23,3,3.9512437185814275
2023-04-24,0,22,1.6,0.6199586349534643,0,0,4,2023,24,1,4.0943445622221
2023-04-26,0,22,2.05,0.6199586349534643,0,2,4,2023,26,6,4.23410650459726
2023-04-27,0,22,1.5,0.6199586349534643,0,3,4,2023,27,4,4.060443010546419
2023-04-28,0,22,1.25,0.6199586349534643,0,4,4,2023,28,0,3.970291913552122
2023-04-29,0,22,1.05,0.6199586349534643,0,5,4,2023,29,2,3.8918202981106265
2023-04-30,0,22,1.25,0.6199586349534643,0,6,4,2023,30,3,3.970291913552122
2023-05-01,0,22,1.35,0.6199586349534643,0,0,5,2023,1,1,4.007333185232471
2023-05-03,0,22,2.0,0.6199586349534643,0,2,5,2023,3,6,4.219507705176107
2023-05-05,0,22,1.2,0.6199586349534643,0,4,5,2023,5,0,3.9512437185814275
2023-05-06,0,22,0.95,0.6199586349534643,0,5,5,2023,6,2,3.8501476017100584
2023-05-07,0,22,1.2,0.6199586349534643,0,6,5,2023,7,3,3.9512437185814275
2023-05-08,0,22,1.3,0.6199586349534643,0,0,5,2023,8,1,3.9889840465642745
2023-05-09,0,22,1.8,0.6199586349534643,0,1,5,2023,9,5,4.1588830833596715
2023-05-10,0,22,2.05,0.6199586349534643,0,2,5,2023,10,6,4.23410650459726
2023-05-11,0,22,2.05,0.6199586349534643,0,3,5,2023,11,4,4.23410650459726
2023-05-12,0,22,1.1,0.6199586349534643,0,4,5,2023,12,0,3.912023005428146
2023-05-13,0,22,1.2,0.6199586349534643,0,5,5,2023,13,2,3.9512437185814275
2023-05-14,0,22,1.3,0.6199586349534643,0,6,5,2023,14,3,3.9889840465642745
2023-05-15,0,22,1.45,0.6199586349534643,0,0,5,2023,15,1,4.04305126783455
2023-05-16,0,22,1.8,0.6199586349534643,0,1,5,2023,16,5,4.1588830833596715
2023-05-17,0,22,1.85,0.6199586349534643,0,2,5,2023,17,6,4.174387269895637
2023-05-18,0,22,1.65,0.6199586349534643,0,3,5,2023,18,4,4.110873864173311
2023-05-19,0,22,0.95,0.6199586349534643,0,4,5,2023,19,0,3.8501476017100584
2023-05-20,0,22,0.85,0.6199586349534643,0,5,5,2023,20,2,3.8066624897703196
2023-05-21,0,22,1.2,0.6199586349534643,0,6,5,2023,21,3,3.9512437185814275
2023-05-22,0,22,1.3,0.6199586349534643,0,0,5,2023,22,1,3.9889840465642745
2023-05-23,0,22,1.75,0.6199586349534643,0,1,5,2023,23,5,4.143134726391533
2023-05-24,0,22,1.65,0.6199586349534643,0,2,5,2023,24,6,4.110873864173311
2023-05-25,0,22,1.65,0.6199586349534643,0,3,5,2023,25,4,4.110873864173311
2023-05-26,0,22,1.15,0.6199586349534643,0,4,5,2023,26,0,3.9318256327243257
2023-05-27,0,22,0.8,0.6199586349534643,0,5,5,2023,27,2,3.784189633918261
2023-05-28,0,22,0.9,0.6199586349534643,0,6,5,2023,28,3,3.828641396489095
2023-05-29,0,22,1.25,0.6199586349534643,0,0,5,2023,29,1,3.970291913552122
2023-05-30,0,22,1.8,0.6199586349534643,0,1,5,2023,30,5,4.1588830833596715
2023-05-31,0,22,1.8,0.6199586349534643,0,2,5,2023,31,6,4.1588830833596715
2023-06-01,0,22,1.55,0.6199586349534643,0,3,6,2023,1,4,4.07753744390572
2023-06-02,0,22,1.1,0.6199586349534643,0,4,6,2023,2,0,3.912023005428146
2023-06-03,0,22,0.95,0.6199586349534643,0,5,6,2023,3,2,3.8501476017100584
2023-06-04,0,22,2.05,0.1928645294725957,1,6,6,2023,4,3,4.23410650459726
2023-06-06,0,22,1.85,0.6199586349534643,0,1,6,2023,6,5,4.174387269895637
2023-06-07,0,22,1.8,0.6199586349534643,0,2,6,2023,7,6,4.1588830833596715
2023-06-08,0,22,1.65,0.6199586349534643,0,3,6,2023,8,4,4.110873864173311
2023-06-09,0,22,1.1,0.6199586349534643,0,4,6,2023,9,0,3.912023005428146
2023-06-10,0,22,0.4,0.6199586349534643,0,5,6,2023,10,2,3.58351893845611
2023-06-11,0,22,2.05,0.1928645294725957,1,6,6,2023,11,3,4.23410650459726
2023-06-12,0,22,1.2,0.6199586349534643,0,0,6,2023,12,1,3.9512437185814275
2023-06-13,0,22,1.55,0.6199586349534643,0,1,6,2023,13,5,4.07753744390572
2023-06-14,0,22,1.7,0.6199586349534643,0,2,6,2023,14,6,4.127134385045092
2023-06-15,0,22,1.3,0.6199586349534643,0,3,6,2023,15,4,3.9889840465642745
2023-06-17,0,22,0.55,0.6199586349534643,0,5,6,2023,17,2,3.6635616461296463
2023-06-18,0,22,0.9,0.6199586349534643,0,6,6,2023,18,3,3.828641396489095
2023-06-19,0,22,1.1,0.6199586349534643,0,0,6,2023,19,1,3.912023005428146
2023-06-20,0,22,1.4,0.6199586349534643,0,1,6,2023,20,5,4.02535169073515
2023-06-21,0,22,1.4,0.6199586349534643,0,2,6,2023,21,6,4.02535169073515
2023-06-22,0,22,1.3,0.6199586349534643,0,3,6,2023,22,4,3.9889840465642745
2023-06-23,0,22,0.85,0.6199586349534643,0,4,6,2023,23,0,3.8066624897703196
2023-06-24,0,22,0.65,0.6199586349534643,0,5,6,2023,24,2,3.713572066704308
2023-06-25,0,22,0.5,0.6199586349534643,0,6,6,2023,25,3,3.6375861597263857
2023-06-26,0,22,0.8,0.6199586349534643,0,0,6,2023,26,1,3.784189633918261
2023-06-27,0,22,1.45,0.6199586349534643,0,1,6,2023,27,5,4.04305126783455
2023-06-28,0,22,1.65,0.6199586349534643,0,2,6,2023,28,6,4.110873864173311
2023-06-29,0,22,1.05,0.6199586349534643,0,3,6,2023,29,4,3.8918202981106265
2023-06-30,0,22,2.05,0.1928645294725957,1,4,6,2023,30,0,4.23410650459726
2023-07-01,0,22,0.55,0.6199586349534643,0,5,7,2023,1,2,3.6635616461296463
2023-07-02,0,22,0.6,0.6199586349534643,0,6,7,2023,2,3,3.6888794541139363
2023-07-03,0,22,0.9,0.6199586349534643,0,0,7,2023,3,1,3.828641396489095
2023-07-04,0,22,1.05,0.6199586349534643,0,1,7,2023,4,5,3.8918202981106265
2023-07-05,0,22,1.5,0.6199586349534643,0,2,7,2023,5,6,4.060443010546419
2023-07-06,0,22,1.0,0.6199586349534643,0,3,7,2023,6,4,3.871201010907891
2023-07-07,0,22,0.6,0.6199586349534643,0,4,7,2023,7,0,3.6888794541139363
2023-07-08,0,22,0.6,0.6199586349534643,0,5,7,2023,8,2,3.6888794541139363
2023-07-09,0,22,0.25,0.6199586349534643,0,6,7,2023,9,3,3.4965075614664802
2023-07-10,0,22,0.65,0.6199586349534643,0,0,7,2023,10,1,3.713572066704308
2023-07-11,0,22,1.2,0.6199586349534643,0,1,7,2023,11,5,3.9512437185814275
2023-07-12,0,22,1.3,0.6199586349534643,0,2,7,2023,12,6,3.9889840465642745
2023-07-13,0,22,1.1,0.6199586349534643,0,3,7,2023,13,4,3.912023005428146
2023-07-14,0,22,0.6,0.6199586349534643,0,4,7,2023,14,0,3.6888794541139363
2023-07-15,0,22,1.6,0.1928645294725957,1,5,7,2023,15,2,4.0943445622221
2023-07-16,0,22,0.4,0.6199586349534643,0,6,7,2023,16,3,3.58351893845611
2023-07-17,0,22,0.75,0.6199586349534643,0,0,7,2023,17,1,3.7612001156935624
2023-07-18,0,22,0.95,0.6199586349534643,0,1,7,2023,18,5,3.8501476017100584
2023-07-19,0,22,1.2,0.6199586349534643,0,2,7,2023,19,6,3.9512437185814275
2023-07-20,0,22,1.0,0.6199586349534643,0,3,7,2023,20,4,3.871201010907891
2023-07-21,0,22,0.75,0.6199586349534643,0,4,7,2023,21,0,3.7612001156935624
2023-07-22,0,22,0.1,0.6199586349534643,0,5,7,2023,22,2,3.4011973816621555
2023-07-23,0,22,0.35,0.6199586349534643,0,6,7,2023,23,3,3.5553480614894135
2023-07-24,0,22,0.75,0.6199586349534643,0,0,7,2023,24,1,3.7612001156935624
2023-07-26,0,22,1.05,0.6199586349534643,0,2,7,2023,26,6,3.8918202981106265
2023-07-27,0,22,0.9,0.6199586349534643,0,3,7,2023,27,4,3.828641396489095
2023-07-28,0,22,0.35,0.6199586349534643,0,4,7,2023,28,0,3.5553480614894135
2023-07-29,0,22,1.3,0.1928645294725957,1,5,7,2023,29,2,3.9889840465642745
2023-07-30,0,22,0.45,0.6199586349534643,0,6,7,2023,30,3,3.6109179126442243
2023-07-31,0,22,0.4,0.6199586349534643,0,0,7,2023,31,1,3.58351893845611
2023-08-01,0,22,0.75,0.6199586349534643,0,1,8,2023,1,5,3.7612001156935624
2023-08-02,0,22,0.85,0.6199586349534643,0,2,8,2023,2,6,3.8066624897703196
2023-08-03,0,22,1.9,0.1928645294725957,1,3,8,2023,3,4,4.189654742026425
2023-08-04,0,22,0.2,0.6199586349534643,0,4,8,2023,4,0,3.4657359027997265
2023-08-05,0,22,0.15,0.6199586349534643,0,5,8,2023,5,2,3.4339872044851463
2023-08-06,0,22,0.35,0.6199586349534643,0,6,8,2023,6,3,3.5553480614894135
2023-08-07,0,22,0.55,0.6199586349534643,0,0,8,2023,7,1,3.6635616461296463
2023-08-08,0,22,0.9,0.6199586349534643,0,1,8,2023,8,5,3.828641396489095
2023-08-09,0,22,0.75,0.6199586349534643,0,2,8,2023,9,6,3.7612001156935624
2023-08-10,0,22,0.8,0.6199586349534643,0,3,8,2023,10,4,3.784189633918261
2023-08-11,0,22,0.25,0.6199586349534643,0,4,8,2023,11,0,3.4965075614664802
2023-08-12,0,22,0.85,0.1928645294725957,1,5,8,2023,12,2,3.8066624897703196
2023-08-13,0,22,0.25,0.6199586349534643,0,6,8,2023,13,3,3.4965075614664802
2023-08-14,0,22,0.5,0.6199586349534643,0,0,8,2023,14,1,3.6375861597263857
2023-08-15,0,22,0.8,0.6199586349534643,0,1,8,2023,15,5,3.784189633918261
2023-08-16,0,22,0.7,0.6199586349534643,0,2,8,2023,16,6,3.7376696182833684
2023-08-17,0,22,0.6,0.6199586349534643,0,3,8,2023,17,4,3.6888794541139363
2023-08-18,0,22,0.3,0.6199586349534643,0,4,8,2023,18,0,3.5263605246161616
2023-08-19,0,22,-0.1,0.6199586349534643,0,5,8,2023,19,2,3.258096538021482
2023-08-20,0,22,0.1,0.6199586349534643,0,6,8,2023,20,3,3.4011973816621555
2023-08-21,0,22,1.4,0.1928645294725957,1,0,8,2023,21,1,4.02535169073515
2023-08-22,0,22,0.5,0.6199586349534643,0,1,8,2023,22,5,3.6375861597263857
2023-08-23,0,22,0.95,0.6199586349534643,0,2,8,2023,23,6,3.8501476017100584
2023-08-24,0,22,1.7,0.1928645294725957,1,3,8,2023,24,4,4.127134385045092
2023-08-25,0,22,0.05,0.6199586349534643,0,4,8,2023,25,0,3.367295829986474
2023-08-26,0,22,0.25,0.6199586349534643,0,5,8,2023,26,2,3.4965075614664802
2023-08-27,0,22,0.1,0.6199586349534643,0,6,8,2023,27,3,3.4011973816621555
2023-08-28,0,22,0.45,0.6199586349534643,0,0,8,2023,28,1,3.6109179126442243
2023-08-29,0,22,0.6,0.6199586349534643,0,1,8,2023,29,5,3.6888794541139363
2023-08-30,0,22,0.85,0.6199586349534643,0,2,8,2023,30,6,3.8066624897703196
2023-08-31,0,22,0.6,0.6199586349534643,0,3,8,2023,31,4,3.6888794541139363
2023-09-01,0,22,0.1,0.6199586349534643,0,4,9,2023,1,0,3.4011973816621555
2023-09-02,0,22,-0.15,0.6199586349534643,0,5,9,2023,2,2,3.2188758248682006
2023-09-03,0,22,-0.15,0.6199586349534643,0,6,9,2023,3,3,3.2188758248682006
2023-09-04,0,22,0.4,0.6199586349534643,0,0,9,2023,4,1,3.58351893845611
2023-09-05,0,22,0.7,0.6199586349534643,0,1,9,2023,5,5,3.7376696182833684
2023-09-06,0,22,0.75,0.6199586349534643,0,2,9,2023,6,6,3.7612001156935624
2023-09-07,0,22,0.45,0.6199586349534643,0,3,9,2023,7,4,3.6109179126442243
2023-09-08,0,22,0.0,0.6199586349534643,0,4,9,2023,8,0,3.332204510175204
2023-09-09,0,22,-0.1,0.6199586349534643,0,5,9,2023,9,2,3.258096538021482
2023-09-10,0,22,0.25,0.6199586349534643,0,6,9,2023,10,3,3.4965075614664802
2023-09-11,0,22,1.1,0.1928645294725957,1,0,9,2023,11,1,3.912023005428146
2023-09-12,0,22,0.6,0.6199586349534643,0,1,9,2023,12,5,3.6888794541139363
2023-09-13,0,22,0.45,0.6199586349534643,0,2,9,2023,13,6,3.6109179126442243
2023-09-14,0,22,0.5,0.6199586349534643,0,3,9,2023,14,4,3.6375861597263857
2023-09-15,0,22,0.85,0.1928645294725957,1,4,9,2023,15,0,3.8066624897703196
2023-09-16,0,22,0.15,0.6199586349534643,0,5,9,2023,16,2,3.4339872044851463
2023-09-17,0,22,0.15,0.6199586349534643,0,6,9,2023,17,3,3.4339872044851463
2023-09-18,0,22,0.2,0.6199586349534643,0,0,9,2023,18,1,3.4657359027997265
2023-09-19,0,22,0.55,0.6199586349534643,0,1,9,2023,19,5,3.6635616461296463
2023-09-20,0,22,1.5,0.1928645294725957,1,2,9,2023,20,6,4.060443010546419
2023-09-21,0,22,0.2,0.6199586349534643,0,3,9,2023,21,4,3.4657359027997265
2023-09-22,0,22,0.0,0.6199586349534643,0,4,9,2023,22,0,3.332204510175204
2023-09-23,0,22,0.0,0.6199586349534643,0,5,9,2023,23,2,3.332204510175204
2023-09-24,0,22,0.1,0.6199586349534643,0,6,9,2023,24,3,3.4011973816621555
2023-09-25,0,22,0.3,0.6199586349534643,0,0,9,2023,25,1,3.5263605246161616
2023-09-26,0,22,0.5,0.6199586349534643,0,1,9,2023,26,5,3.6375861597263857
2023-09-27,0,22,0.75,0.6199586349534643,0,2,9,2023,27,6,3.7612001156935624
2023-09-28,0,22,0.45,0.6199586349534643,0,3,9,2023,28,4,3.6109179126442243
2023-09-29,0,22,0.25,0.6199586349534643,0,4,9,2023,29,0,3.4965075614664802
2023-09-30,0,22,-0.3,0.6199586349534643,0,5,9,2023,30,2,3.091042453358316
2023-10-01,0,22,-0.55,0.6199586349534643,0,6,10,2023,1,3,2.833213344056216
2023-10-02,0,22,0.3,0.6199586349534643,0,0,10,2023,2,1,3.5263605246161616
2023-10-03,0,22,0.3,0.6199586349534643,0,1,10,2023,3,5,3.5263605246161616
2023-10-04,0,22,0.55,0.6199586349534643,0,2,10,2023,4,6,3.6635616461296463
2023-10-05,0,22,0.4,0.6199586349534643,0,3,10,2023,5,4,3.58351893845611
2023-10-06,0,22,0.4,0.6199586349534643,0,4,10,2023,6,0,3.58351893845611
2023-10-07,0,22,0.05,0.6199586349534643,0,5,10,2023,7,2,3.367295829986474
2023-10-08,0,22,0.05,0.6199586349534643,0,6,10,2023,8,3,3.367295829986474
2023-10-09,0,22,0.4,0.6199586349534643,0,0,10,2023,9,1,3.58351893845611
2023-10-10,0,22,0.6,0.6199586349534643,0,1,10,2023,10,5,3.6888794541139363
2023-10-11,0,22,1.55,0.1928645294725957,1,2,10,2023,11,6,4.07753744390572
2023-10-12,0,22,0.6,0.6199586349534643,0,3,10,2023,12,4,3.6888794541139363
2023-10-13,0,22,0.75,0.1928645294725957,1,4,10,2023,13,0,3.7612001156935624
2023-10-14,0,22,0.05,0.6199586349534643,0,5,10,2023,14,2,3.367295829986474
2023-10-15,0,22,-0.2,0.6199586349534643,0,6,10,2023,15,3,3.1780538303479458
2023-10-16,0,22,0.35,0.6199586349534643,0,0,10,2023,16,1,3.5553480614894135
2023-10-17,0,22,0.6,0.6199586349534643,0,1,10,2023,17,5,3.6888794541139363
2023-10-18,0,22,0.9,0.6199586349534643,0,2,10,2023,18,6,3.828641396489095
2023-10-19,0,22,0.25,0.6199586349534643,0,3,10,2023,19,4,3.4965075614664802
2023-10-20,0,22,0.1,0.6199586349534643,0,4,10,2023,20,0,3.4011973816621555
