data-science/data/preprocessed_dataset.csv
date,store_id,item_id,sales,price,promo,weekday,month,year,day,day_of_week,sales_log
2023-10-21,0,22,0.1,0.6199586349534643,0,5,10,2023,21,2,3.4011973816621555
2023-10-22,0,22,0.1,0.6199586349534643,0,6,10,2023,22,3,3.4011973816621555
2023-10-23,0,22,0.35,0.6199586349534643,0,0,10,2023,23,1,3.5553480614894135
2023-10-24,0,22,0.45,0.6199586349534643,0,1,10,2023,24,5,3.6109179126442243
2023-10-25,0,22,0.6,0.6199586349534643,0,2,10,2023,25,6,3.6888794541139363
2023-10-26,0,22,0.7,0.6199586349534643,0,3,10,2023,26,4,3.7376696182833684
2023-10-27,0,22,0.2,0.6199586349534643,0,4,10,2023,27,0,3.4657359027997265
2023-10-28,0,22,0.1,0.6199586349534643,0,5,10,2023,28,2,3.4011973816621555
2023-10-29,0,22,0.1,0.6199586349534643,0,6,10,2023,29,3,3.4011973816621555
2023-10-30,0,22,0.2,0.6199586349534643,0,0,10,2023,30,1,3.4657359027997265
2023-10-31,0,22,0.8,0.6199586349534643,0,1,10,2023,31,5,3.784189633918261
2023-11-01,0,22,0.8,0.6199586349534643,0,2,11,2023,1,6,3.784189633918261
2023-11-02,0,22,0.9,0.6199586349534643,0,3,11,2023,2,4,3.828641396489095
2023-11-03,0,22,0.1,0.6199586349534643,0,4,11,2023,3,0,3.4011973816621555
2023-11-04,0,22,0.2,0.6199586349534643,0,5,11,2023,4,2,3.4657359027997265
2023-11-05,0,22,-0.05,0.6199586349534643,0,6,11,2023,5,3,3.295836866004329
2023-11-06,0,22,0.45,0.6199586349534643,0,0,11,2023,6,1,3.6109179126442243
2023-11-07,0,22,0.85,0.6199586349534643,0,1,11,2023,7,5,3.8066624897703196
2023-11-08,0,22,0.45,0.6199586349534643,0,2,11,2023,8,6,3.6109179126442243
2023-11-09,0,22,0.55,0.6199586349534643,0,3,11,2023,9,4,3.6635616461296463
2023-11-10,0,22,1.05,0.1928645294725957,1,4,11,2023,10,0,3.8918202981106265
2023-11-11,0,22,0.0,0.6199586349534643,0,5,11,2023,11,2,3.332204510175204
2023-11-12,0,22,0.25,0.6199586349534643,0,6,11,2023,12,3,3.4965075614664802
2023-11-13,0,22,0.65,0.6199586349534643,0,0,11,2023,13,1,3.713572066704308
2023-11-14,0,22,0.75,0.6199586349534643,0,1,11,2023,14,5,3.7612001156935624
2023-11-15,0,22,0.9,0.6199586349534643,0,2,11,2023,15,6,3.828641396489095
2023-11-16,0,22,0.7,0.6199586349534643,0,3,11,2023,16,4,3.7376696182833684
2023-11-17,0,22,0.35,0.6199586349534643,0,4,11,2023,17,0,3.5553480614894135
2023-11-18,0,22,0.0,0.6199586349534643,0,5,11,2023,18,2,3.332204510175204
2023-11-19,0,22,0.4,0.6199586349534643,0,6,11,2023,19,3,3.58351893845611
2023-11-20,0,22,0.6,0.6199586349534643,0,0,11,2023,20,1,3.6888794541139363
2023-11-21,0,22,0.9,0.6199586349534643,0,1,11,2023,21,5,3.828641396489095
2023-11-22,0,22,1.95,0.1928645294725957,1,2,11,2023,22,6,4.204692619390966
2023-11-23,0,22,0.65,0.6199586349534643,0,3,11,2023,23,4,3.713572066704308
2023-11-24,0,22,0.4,0.6199586349534643,0,4,11,2023,24,0,3.58351893845611
2023-11-25,0,22,0.0,0.6199586349534643,0,5,11,2023,25,2,3.332204510175204
2023-11-26,0,22,0.05,0.6199586349534643,0,6,11,2023,26,3,3.367295829986474
2023-11-27,0,22,0.5,0.6199586349534643,0,0,11,2023,27,1,3.6375861597263857
2023-11-28,0,22,1.0,0.6199586349534643,0,1,11,2023,28,5,3.871201010907891
2023-11-29,0,22,0.9,0.6199586349534643,0,2,11,2023,29,6,3.828641396489095
2023-11-30,0,22,0.65,0.6199586349534643,0,3,11,2023,30,4,3.713572066704308
2023-12-01,0,22,0.35,0.6199586349534643,0,4,12,2023,1,0,3.5553480614894135
2023-12-02,0,22,0.2,0.6199586349534643,0,5,12,2023,2,2,3.4657359027997265
2023-12-03,0,22,0.3,0.6199586349534643,0,6,12,2023,3,3,3.5263605246161616
2023-12-04,0,22,1.0,0.6199586349534643,0,0,12,2023,4,1,3.871201010907891
2023-12-05,0,22,1.15,0.6199586349534643,0,1,12,2023,5,5,3.9318256327243257
2023-12-06,0,22,1.25,0.6199586349534643,0,2,12,2023,6,6,3.970291913552122
2023-12-07,0,22,1.05,0.6199586349534643,0,3,12,2023,7,4,3.8918202981106265
2023-12-08,0,22,1.35,0.1928645294725957,1,4,12,2023,8,0,4.007333185232471
2023-12-09,0,22,0.15,0.6199586349534643,0,5,12,2023,9,2,3.4339872044851463
2023-12-10,0,22,0.25,0.6199586349534643,0,6,12,2023,10,3,3.4965075614664802
2023-12-11,0,22,0.95,0.6199586349534643,0,0,12,2023,11,1,3.8501476017100584
2023-12-12,0,22,1.05,0.6199586349534643,0,1,12,2023,12,5,3.8918202981106265
2023-12-13,0,22,1.0,0.6199586349534643,0,2,12,2023,13,6,3.871201010907891
2023-12-15,0,22,0.6,0.6199586349534643,0,4,12,2023,15,0,3.6888794541139363
2023-12-16,0,22,0.45,0.6199586349534643,0,5,12,2023,16,2,3.6109179126442243
2023-12-17,0,22,0.55,0.6199586349534643,0,6,12,2023,17,3,3.6635616461296463
2023-12-18,0,22,0.7,0.6199586349534643,0,0,12,2023,18,1,3.7376696182833684
2023-12-19,0,22,1.3,0.6199586349534643,0,1,12,2023,19,5,3.9889840465642745
2023-12-20,0,22,1.2,0.6199586349534643,0,2,12,2023,20,6,3.9512437185814275
2023-12-21,0,22,1.05,0.6199586349534643,0,3,12,2023,21,4,3.8918202981106265
2023-12-22,0,22,0.8,0.6199586349534643,0,4,12,2023,22,0,3.784189633918261
2023-12-23,0,22,0.35,0.6199586349534643,0,5,12,2023,23,2,3.5553480614894135
2023-12-24,0,22,0.5,0.6199586349534643,0,6,12,2023,24,3,3.6375861597263857
2023-12-25,0,22,1.0,0.6199586349534643,0,0,12,2023,25,1,3.871201010907891
2023-12-26,0,22,1.2,0.6199586349534643,0,1,12,2023,26,5,3.9512437185814275
2023-12-27,0,22,1.35,0.6199586349534643,0,2,12,2023,27,6,4.007333185232471
2023-12-28,0,22,1.25,0.6199586349534643,0,3,12,2023,28,4,3.970291913552122
2023-12-29,0,22,1.1,0.6199586349534643,0,4,12,2023,29,0,3.912023005428146
2023-12-30,0,22,0.65,0.6199586349534643,0,5,12,2023,30,2,3.713572066704308
2023-12-31,0,22,0.7,0.6199586349534643,0,6,12,2023,31,3,3.7376696182833684
2021-01-01,0,33,0.65,0.8022233712512928,0,4,1,2021,1,0,3.713572066704308
2021-01-02,0,33,0.15,0.8022233712512928,0,5,1,2021,2,2,3.4339872044851463
2021-01-03,0,33,0.55,0.8022233712512928,0,6,1,2021,3,3,3.6635616461296463
2021-01-04,0,33,1.25,0.3386763185108584,1,0,1,2021,4,1,3.970291913552122
2021-01-05,0,33,0.9,0.8022233712512928,0,1,1,2021,5,5,3.828641396489095
2021-01-06,0,33,0.85,0.8022233712512928,0,2,1,2021,6,6,3.8066624897703196
2021-01-08,0,33,1.7,0.3386763185108584,1,4,1,2021,8,0,4.127134385045092
2021-01-09,0,33,-0.05,0.8022233712512928,0,5,1,2021,9,2,3.295836866004329
2021-01-10,0,33,0.5,0.8022233712512928,0,6,1,2021,10,3,3.6375861597263857
2021-01-11,0,33,0.9,0.8022233712512928,0,0,1,2021,11,1,3.828641396489095
2021-01-12,0,33,1.1,0.8022233712512928,0,1,1,2021,12,5,3.912023005428146
2021-01-13,0,33,1.25,0.8022233712512928,0,2,1,2021,13,6,3.970291913552122
2021-01-14,0,33,1.0,0.8022233712512928,0,3,1,2021,14,4,3.871201010907891
2021-01-15,0,33,0.7,0.8022233712512928,0,4,1,2021,15,0,3.7376696182833684
2021-01-16,0,33,0.2,0.8022233712512928,0,5,1,2021,16,2,3.4657359027997265
2021-01-17,0,33,0.65,0.8022233712512928,0,6,1,2021,17,3,3.713572066704308
2021-01-18,0,33,0.85,0.8022233712512928,0,0,1,2021,18,1,3.8066624897703196
2021-01-19,0,33,1.15,0.8022233712512928,0,1,1,2021,19,5,3.9318256327243257
2021-01-20,0,33,1.3,0.8022233712512928,0,2,1,2021,20,6,3.9889840465642745
2021-01-21,0,33,0.8,0.8022233712512928,0,3,1,2021,21,4,3.784189633918261
2021-01-22,0,33,0.4,0.8022233712512928,0,4,1,2021,22,0,3.58351893845611
2021-01-23,0,33,0.4,0.8022233712512928,0,5,1,2021,23,2,3.58351893845611
2021-01-24,0,33,0.75,0.8022233712512928,0,6,1,2021,24,3,3.7612001156935624
2021-01-25,0,33,0.7,0.8022233712512928,0,0,1,2021,25,1,3.7376696182833684
2021-01-26,0,33,1.25,0.8022233712512928,0,1,1,2021,26,5,3.970291913552122
2021-01-27,0,33,1.2,0.8022233712512928,0,2,1,2021,27,6,3.9512437185814275
2021-01-28,0,33,0.95,0.8022233712512928,0,3,1,2021,28,4,3.8501476017100584
2021-01-29,0,33,0.8,0.8022233712512928,0,4,1,2021,29,0,3.784189633918261
2021-01-30,0,33,0.6,0.8022233712512928,0,5,1,2021,30,2,3.6888794541139363
2021-01-31,0,33,0.45,0.8022233712512928,0,6,1,2021,31,3,3.6109179126442243
2021-02-01,0,33,1.15,0.8022233712512928,0,0,2,2021,1,1,3.9318256327243257
2021-02-02,0,33,1.35,0.8022233712512928,0,1,2,2021,2,5,4.007333185232471
2021-02-04,0,33,1.2,0.8022233712512928,0,3,2,2021,4,4,3.9512437185814275
2021-02-05,0,33,1.05,0.8022233712512928,0,4,2,2021,5,0,3.8918202981106265
2021-02-06,0,33,1.55,0.3386763185108584,1,5,2,2021,6,2,4.07753744390572
2021-02-07,0,33,0.5,0.8022233712512928,0,6,2,2021,7,3,3.6375861597263857
2021-02-08,0,33,1.0,0.8022233712512928,0,0,2,2021,8,1,3.871201010907891
2021-02-09,0,33,1.4,0.8022233712512928,0,1,2,2021,9,5,4.02535169073515
2021-02-10,0,33,1.55,0.8022233712512928,0,2,2,2021,10,6,4.07753744390572
2021-02-11,0,33,1.25,0.8022233712512928,0,3,2,2021,11,4,3.970291913552122
2021-02-12,0,33,1.1,0.8022233712512928,0,4,2,2021,12,0,3.912023005428146
2021-02-13,0,33,0.55,0.8022233712512928,0,5,2,2021,13,2,3.6635616461296463
2021-02-14,0,33,0.4,0.8022233712512928,0,6,2,2021,14,3,3.58351893845611
2021-02-15,0,33,1.1,0.8022233712512928,0,0,2,2021,15,1,3.912023005428146
2021-02-16,0,33,1.35,0.8022233712512928,0,1,2,2021,16,5,4.007333185232471
2021-02-17,0,33,1.3,0.8022233712512928,0,2,2,2021,17,6,3.9889840465642745
2021-02-18,0,33,1.15,0.8022233712512928,0,3,2,2021,18,4,3.9318256327243257
2021-02-19,0,33,0.8,0.8022233712512928,0,4,2,2021,19,0,3.784189633918261
2021-02-20,0,33,0.8,0.8022233712512928,0,5,2,2021,20,2,3.784189633918261
2021-02-21,0,33,0.5,0.8022233712512928,0,6,2,2021,21,3,3.6375861597263857
2021-02-22,0,33,1.15,0.8022233712512928,0,0,2,2021,22,1,3.9318256327243257
2021-02-24,0,33,1.55,0.8022233712512928,0,2,2,2021,24,6,4.07753744390572
2021-02-25,0,33,1.3,0.8022233712512928,0,3,2,2021,25,4,3.9889840465642745
2021-02-26,0,33,1.0,0.8022233712512928,0,4,2,2021,26,0,3.871201010907891
2021-02-27,0,33,0.7,0.8022233712512928,0,5,2,2021,27,2,3.7376696182833684
2021-02-28,0,33,0.95,0.8022233712512928,0,6,2,2021,28,3,3.8501476017100584
2021-03-01,0,33,1.1,0.8022233712512928,0,0,3,2021,1,1,3.912023005428146
2021-03-02,0,33,1.65,0.8022233712512928,0,1,3,2021,2,5,4.110873864173311
2021-03-03,0,33,1.75,0.8022233712512928,0,2,3,2021,3,6,4.143134726391533
2021-03-04,0,33,1.3,0.8022233712512928,0,3,3,2021,4,4,3.9889840465642745
2021-03-05,0,33,0.9,0.8022233712512928,0,4,3,2021,5,0,3.828641396489095
2021-03-06,0,33,1.7,0.3386763185108584,1,5,3,2021,6,2,4.127134385045092
2021-03-07,0,33,0.6,0.8022233712512928,0,6,3,2021,7,3,3.6888794541139363
2021-03-08,0,33,1.1,0.8022233712512928,0,0,3,2021,8,1,3.912023005428146
2021-03-09,0,33,1.8,0.8022233712512928,0,1,3,2021,9,5,4.1588830833596715
2021-03-10,0,33,1.85,0.8022233712512928,0,2,3,2021,10,6,4.174387269895637
2021-03-11,0,33,1.3,0.8022233712512928,0,3,3,2021,11,4,3.9889840465642745
2021-03-12,0,33,0.95,0.8022233712512928,0,4,3,2021,12,0,3.8501476017100584
2021-03-13,0,33,0.85,0.8022233712512928,0,5,3,2021,13,2,3.8066624897703196
2021-03-14,0,33,0.85,0.8022233712512928,0,6,3,2021,14,3,3.8066624897703196
2021-03-15,0,33,1.3,0.8022233712512928,0,0,3,2021,15,1,3.9889840465642745
2021-03-16,0,33,1.7,0.8022233712512928,0,1,3,2021,16,5,4.127134385045092
2021-03-19,0,33,0.8,0.8022233712512928,0,4,3,2021,19,0,3.784189633918261
2021-03-20,0,33,0.8,0.8022233712512928,0,5,3,2021,20,2,3.784189633918261
2021-03-21,0,33,0.8,0.8022233712512928,0,6,3,2021,21,3,3.784189633918261
2021-03-22,0,33,0.95,0.8022233712512928,0,0,3,2021,22,1,3.8501476017100584
2021-03-23,0,33,1.55,0.8022233712512928,0,1,3,2021,23,5,4.07753744390572
2021-03-24,0,33,1.85,0.8022233712512928,0,2,3,2021,24,6,4.174387269895637
2021-03-25,0,33,1.15,0.8022233712512928,0,3,3,2021,25,4,3.9318256327243257
2021-03-26,0,33,0.85,0.8022233712512928,0,4,3,2021,26,0,3.8066624897703196
2021-03-27,0,33,0.75,0.8022233712512928,0,5,3,2021,27,2,3.7612001156935624
2021-03-28,0,33,1.05,0.8022233712512928,0,6,3,2021,28,3,3.8918202981106265
2021-03-29,0,33,1.4,0.8022233712512928,0,0,3,2021,29,1,4.02535169073515
2021-03-30,0,33,1.85,0.8022233712512928,0,1,3,2021,30,5,4.174387269895637
2021-03-31,0,33,1.75,0.8022233712512928,0,2,3,2021,31,6,4.143134726391533
2021-04-01,0,33,1.4,0.8022233712512928,0,3,4,2021,1,4,4.02535169073515
2021-04-02,0,33,1.15,0.8022233712512928,0,4,4,2021,2,0,3.9318256327243257
2021-04-03,0,33,0.6,0.8022233712512928,0,5,4,2021,3,2,3.6888794541139363
2021-04-04,0,33,0.7,0.8022233712512928,0,6,4,2021,4,3,3.7376696182833684
2021-04-05,0,33,1.05,0.8022233712512928,0,0,4,2021,5,1,3.8918202981106265
2021-04-06,0,33,1.8,0.8022233712512928,0,1,4,2021,6,5,4.1588830833596715
2021-04-07,0,33,1.6,0.8022233712512928,0,2,4,2021,7,6,4.0943445622221
2021-04-09,0,33,1.05,0.8022233712512928,0,4,4,2021,9,0,3.8918202981106265
2021-04-10,0,33,0.9,0.8022233712512928,0,5,4,2021,10,2,3.828641396489095
2021-04-11,0,33,0.65,0.8022233712512928,0,6,4,2021,11,3,3.713572066704308
2021-04-12,0,33,1.15,0.8022233712512928,0,0,4,2021,12,1,3.9318256327243257
2021-04-13,0,33,1.7,0.8022233712512928,0,1,4,2021,13,5,4.127134385045092
2021-04-14,0,33,1.65,0.8022233712512928,0,2,4,2021,14,6,4.110873864173311
2021-04-15,0,33,1.05,0.8022233712512928,0,3,4,2021,15,4,3.8918202981106265
2021-04-16,0,33,0.8,0.8022233712512928,0,4,4,2021,16,0,3.784189633918261
2021-04-17,0,33,0.55,0.8022233712512928,0,5,4,2021,17,2,3.6635616461296463
2021-04-18,0,33,0.65,0.8022233712512928,0,6,4,2021,18,3,3.713572066704308
2021-04-19,0,33,1.3,0.8022233712512928,0,0,4,2021,19,1,3.9889840465642745
2021-04-20,0,33,1.65,0.8022233712512928,0,1,4,2021,20,5,4.110873864173311
2021-04-21,0,33,1.75,0.8022233712512928,0,2,4,2021,21,6,4.143134726391533
2021-04-22,0,33,1.7,0.8022233712512928,0,3,4,2021,22,4,4.127134385045092
2021-04-23,0,33,1.15,0.8022233712512928,0,4,4,2021,23,0,3.9318256327243257
2021-04-24,0,33,0.8,0.8022233712512928,0,5,4,2021,24,2,3.784189633918261
2021-04-25,0,33,0.55,0.8022233712512928,0,6,4,2021,25,3,3.6635616461296463
2021-04-26,0,33,1.2,0.8022233712512928,0,0,4,2021,26,1,3.9512437185814275
2021-04-27,0,33,1.6,0.8022233712512928,0,1,4,2021,27,5,4.0943445622221
2021-04-28,0,33,1.6,0.8022233712512928,0,2,4,2021,28,6,4.0943445622221
2021-04-30,0,33,0.95,0.8022233712512928,0,4,4,2021,30,0,3.8501476017100584
2021-05-01,0,33,0.5,0.8022233712512928,0,5,5,2021,1,2,3.6375861597263857
2021-05-02,0,33,0.6,0.8022233712512928,0,6,5,2021,2,3,3.6888794541139363
2021-05-03,0,33,1.5,0.8022233712512928,0,0,5,2021,3,1,4.060443010546419
2021-05-04,0,33,1.5,0.8022233712512928,0,1,5,2021,4,5,4.060443010546419
2021-05-05,0,33,1.3,0.8022233712512928,0,2,5,2021,5,6,3.9889840465642745
2021-05-07,0,33,0.65,0.8022233712512928,0,4,5,2021,7,0,3.713572066704308
2021-05-08,0,33,0.8,0.8022233712512928,0,5,5,2021,8,2,3.784189633918261
2021-05-09,0,33,0.45,0.8022233712512928,0,6,5,2021,9,3,3.6109179126442243
2021-05-10,0,33,0.9,0.8022233712512928,0,0,5,2021,10,1,3.828641396489095
2021-05-11,0,33,1.5,0.8022233712512928,0,1,5,2021,11,5,4.060443010546419
2021-05-12,0,33,1.75,0.8022233712512928,0,2,5,2021,12,6,4.143134726391533
2021-05-13,0,33,1.3,0.8022233712512928,0,3,5,2021,13,4,3.9889840465642745
2021-05-14,0,33,0.7,0.8022233712512928,0,4,5,2021,14,0,3.7376696182833684
2021-05-15,0,33,0.65,0.8022233712512928,0,5,5,2021,15,2,3.713572066704308
2021-05-16,0,33,0.65,0.8022233712512928,0,6,5,2021,16,3,3.713572066704308
2021-05-17,0,33,1.25,0.8022233712512928,0,0,5,2021,17,1,3.970291913552122
2021-05-18,0,33,1.55,0.8022233712512928,0,1,5,2021,18,5,4.07753744390572
2021-05-19,0,33,1.45,0.8022233712512928,0,2,5,2021,19,6,4.04305126783455
2021-05-20,0,33,1.4,0.8022233712512928,0,3,5,2021,20,4,4.02535169073515
2021-05-21,0,33,0.9,0.8022233712512928,0,4,5,2021,21,0,3.828641396489095
2021-05-22,0,33,0.8,0.8022233712512928,0,5,5,2021,22,2,3.784189633918261
2021-05-23,0,33,0.75,0.8022233712512928,0,6,5,2021,23,3,3.7612001156935624
2021-05-24,0,33,1.1,0.8022233712512928,0,0,5,2021,24,1,3.912023005428146
2021-05-25,0,33,1.6,0.8022233712512928,0,1,5,2021,25,5,4.0943445622221
2021-05-27,0,33,1.1,0.8022233712512928,0,3,5,2021,27,4,3.912023005428146
2021-05-28,0,33,0.8,0.8022233712512928,0,4,5,2021,28,0,3.784189633918261
2021-05-29,0,33,0.45,0.8022233712512928,0,5,5,2021,29,2,3.6109179126442243
2021-05-30,0,33,0.7,0.8022233712512928,0,6,5,2021,30,3,3.7376696182833684
2021-05-31,0,33,0.95,0.8022233712512928,0,0,5,2021,31,1,3.8501476017100584
2021-06-01,0,33,1.4,0.8022233712512928,0,1,6,2021,1,5,4.02535169073515
2021-06-02,0,33,1.2,0.8022233712512928,0,2,6,2021,2,6,3.9512437185814275
2021-06-03,0,33,1.2,0.8022233712512928,0,3,6,2021,3,4,3.9512437185814275
2021-06-04,0,33,0.55,0.8022233712512928,0,4,6,2021,4,0,3.6635616461296463
2021-06-05,0,33,0.6,0.8022233712512928,0,5,6,2021,5,2,3.6888794541139363
2021-06-06,0,33,0.7,0.8022233712512928,0,6,6,2021,6,3,3.7376696182833684
2021-06-07,0,33,0.95,0.8022233712512928,0,0,6,2021,7,1,3.8501476017100584
2021-06-08,0,33,1.3,0.8022233712512928,0,1,6,2021,8,5,3.9889840465642745
2021-06-09,0,33,1.3,0.8022233712512928,0,2,6,2021,9,6,3.9889840465642745
2021-06-10,0,33,1.0,0.8022233712512928,0,3,6,2021,10,4,3.871201010907891
2021-06-11,0,33,0.65,0.8022233712512928,0,4,6,2021,11,0,3.713572066704308
2021-06-12,0,33,0.7,0.8022233712512928,0,5,6,2021,12,2,3.7376696182833684
2021-06-13,0,33,0.55,0.8022233712512928,0,6,6,2021,13,3,3.6635616461296463
2021-06-14,0,33,0.65,0.8022233712512928,0,0,6,2021,14,1,3.713572066704308
2021-06-15,0,33,0.9,0.8022233712512928,0,1,6,2021,15,5,3.828641396489095
2021-06-16,0,33,1.0,0.8022233712512928,0,2,6,2021,16,6,3.871201010907891
2021-06-17,0,33,0.95,0.8022233712512928,0,3,6,2021,17,4,3.8501476017100584
2021-06-18,0,33,1.8,0.3386763185108584,1,4,6,2021,18,0,4.1588830833596715
2021-06-19,0,33,0.2,0.8022233712512928,0,5,6,2021,19,2,3.4657359027997265
2021-06-20,0,33,0.65,0.8022233712512928,0,6,6,2021,20,3,3.713572066704308
2021-06-21,0,33,0.8,0.8022233712512928,0,0,6,2021,21,1,3.784189633918261
2021-06-22,0,33,1.15,0.8022233712512928,0,1,6,2021,22,5,3.9318256327243257
2021-06-23,0,33,1.25,0.8022233712512928,0,2,6,2021,23,6,3.970291913552122
2021-06-24,0,33,1.0,0.8022233712512928,0,3,6,2021,24,4,3.871201010907891
2021-06-25,0,33,0.5,0.8022233712512928,0,4,6,2021,25,0,3.6375861597263857
2021-06-26,0,33,-0.05,0.8022233712512928,0,5,6,2021,26,2,3.295836866004329
2021-06-27,0,33,0.3,0.8022233712512928,0,6,6,2021,27,3,3.5263605246161616
2021-06-28,0,33,0.55,0.8022233712512928,0,0,6,2021,28,1,3.6635616461296463
