data-science/data/preprocessed_dataset.csv
date,store_id,item_id,sales,price,promo,weekday,month,year,day,day_of_week,sales_log
2022-11-07,0,33,0.3,0.8022233712512928,0,0,11,2022,7,1,3.5263605246161616
2022-11-08,0,33,0.5,0.8022233712512928,0,1,11,2022,8,5,3.6375861597263857
2022-11-09,0,33,0.45,0.8022233712512928,0,2,11,2022,9,6,3.6109179126442243
2022-11-10,0,33,0.65,0.8022233712512928,0,3,11,2022,10,4,3.713572066704308
2022-11-11,0,33,0.45,0.8022233712512928,0,4,11,2022,11,0,3.6109179126442243
2022-11-12,0,33,0.25,0.8022233712512928,0,5,11,2022,12,2,3.4965075614664802
2022-11-13,0,33,0.15,0.8022233712512928,0,6,11,2022,13,3,3.4339872044851463
2022-11-14,0,33,0.1,0.8022233712512928,0,0,11,2022,14,1,3.4011973816621555
2022-11-15,0,33,0.35,0.8022233712512928,0,1,11,2022,15,5,3.5553480614894135
2022-11-16,0,33,0.6,0.8022233712512928,0,2,11,2022,16,6,3.6888794541139363
2022-11-17,0,33,0.5,0.8022233712512928,0,3,11,2022,17,4,3.6375861597263857
2022-11-18,0,33,1.0,0.3386763185108584,1,4,11,2022,18,0,3.871201010907891
2022-11-19,0,33,0.05,0.8022233712512928,0,5,11,2022,19,2,3.367295829986474
2022-11-20,0,33,-0.1,0.8022233712512928,0,6,11,2022,20,3,3.258096538021482
2022-11-21,0,33,0.65,0.8022233712512928,0,0,11,2022,21,1,3.713572066704308
2022-11-22,0,33,0.9,0.8022233712512928,0,1,11,2022,22,5,3.828641396489095
2022-11-23,0,33,0.55,0.8022233712512928,0,2,11,2022,23,6,3.6635616461296463
2022-11-24,0,33,0.3,0.8022233712512928,0,3,11,2022,24,4,3.5263605246161616
2022-11-25,0,33,0.25,0.8022233712512928,0,4,11,2022,25,0,3.4965075614664802
2022-11-26,0,33,0.3,0.8022233712512928,0,5,11,2022,26,2,3.5263605246161616
2022-11-27,0,33,0.15,0.8022233712512928,0,6,11,2022,27,3,3.4339872044851463
2022-11-28,0,33,0.5,0.8022233712512928,0,0,11,2022,28,1,3.6375861597263857
2022-11-29,0,33,0.7,0.8022233712512928,0,1,11,2022,29,5,3.7376696182833684
2022-11-30,0,33,0.85,0.8022233712512928,0,2,11,2022,30,6,3.8066624897703196
2022-12-01,0,33,0.8,0.8022233712512928,0,3,12,2022,1,4,3.784189633918261
2022-12-02,0,33,0.4,0.8022233712512928,0,4,12,2022,2,0,3.58351893845611
2022-12-03,0,33,1.0,0.3386763185108584,1,5,12,2022,3,2,3.871201010907891
2022-12-04,0,33,0.0,0.8022233712512928,0,6,12,2022,4,3,3.332204510175204
2022-12-05,0,33,0.85,0.8022233712512928,0,0,12,2022,5,1,3.8066624897703196
2022-12-06,0,33,0.6,0.8022233712512928,0,1,12,2022,6,5,3.6888794541139363
2022-12-07,0,33,0.95,0.8022233712512928,0,2,12,2022,7,6,3.8501476017100584
2022-12-08,0,33,0.7,0.8022233712512928,0,3,12,2022,8,4,3.7376696182833684
2022-12-09,0,33,0.4,0.8022233712512928,0,4,12,2022,9,0,3.58351893845611
2022-12-10,0,33,0.35,0.8022233712512928,0,5,12,2022,10,2,3.5553480614894135
2022-12-11,0,33,0.2,0.8022233712512928,0,6,12,2022,11,3,3.4657359027997265
2022-12-12,0,33,0.55,0.8022233712512928,0,0,12,2022,12,1,3.6635616461296463
2022-12-13,0,33,0.75,0.8022233712512928,0,1,12,2022,13,5,3.7612001156935624
2022-12-14,0,33,1.2,0.8022233712512928,0,2,12,2022,14,6,3.9512437185814275
2022-12-15,0,33,1.95,0.3386763185108584,1,3,12,2022,15,4,4.204692619390966
2022-12-16,0,33,0.55,0.8022233712512928,0,4,12,2022,16,0,3.6635616461296463
2022-12-17,0,33,0.4,0.8022233712512928,0,5,12,2022,17,2,3.58351893845611
2022-12-18,0,33,0.65,0.8022233712512928,0,6,12,2022,18,3,3.713572066704308
2022-12-19,0,33,0.95,0.8022233712512928,0,0,12,2022,19,1,3.8501476017100584
2022-12-21,0,33,1.15,0.8022233712512928,0,2,12,2022,21,6,3.9318256327243257
2022-12-22,0,33,1.95,0.3386763185108584,1,3,12,2022,22,4,4.204692619390966
2022-12-23,0,33,0.65,0.8022233712512928,0,4,12,2022,23,0,3.713572066704308
2022-12-24,0,33,1.3,0.3386763185108584,1,5,12,2022,24,2,3.9889840465642745
2022-12-25,0,33,0.3,0.8022233712512928,0,6,12,2022,25,3,3.5263605246161616
2022-12-26,0,33,0.85,0.8022233712512928,0,0,12,2022,26,1,3.8066624897703196
2022-12-27,0,33,1.25,0.8022233712512928,0,1,12,2022,27,5,3.970291913552122
2022-12-28,0,33,1.05,0.8022233712512928,0,2,12,2022,28,6,3.8918202981106265
2022-12-29,0,33,1.0,0.8022233712512928,0,3,12,2022,29,4,3.871201010907891
2022-12-30,0,33,0.6,0.8022233712512928,0,4,12,2022,30,0,3.6888794541139363
2022-12-31,0,33,0.4,0.8022233712512928,0,5,12,2022,31,2,3.58351893845611
2023-01-01,0,33,1.25,0.3386763185108584,1,6,1,2023,1,3,3.970291913552122
2023-01-02,0,33,0.55,0.8022233712512928,0,0,1,2023,2,1,3.6635616461296463
2023-01-03,0,33,1.1,0.8022233712512928,0,1,1,2023,3,5,3.912023005428146
2023-01-04,0,33,1.15,0.8022233712512928,0,2,1,2023,4,6,3.9318256327243257
2023-01-06,0,33,1.75,0.3386763185108584,1,4,1,2023,6,0,4.143134726391533
2023-01-07,0,33,0.5,0.8022233712512928,0,5,1,2023,7,2,3.6375861597263857
2023-01-08,0,33,0.35,0.8022233712512928,0,6,1,2023,8,3,3.5553480614894135
2023-01-09,0,33,0.75,0.8022233712512928,0,0,1,2023,9,1,3.7612001156935624
2023-01-10,0,33,1.2,0.8022233712512928,0,1,1,2023,10,5,3.9512437185814275
2023-01-11,0,33,1.4,0.8022233712512928,0,2,1,2023,11,6,4.02535169073515
2023-01-12,0,33,1.1,0.8022233712512928,0,3,1,2023,12,4,3.912023005428146
2023-01-13,0,33,0.8,0.8022233712512928,0,4,1,2023,13,0,3.784189633918261
2023-01-14,0,33,0.65,0.8022233712512928,0,5,1,2023,14,2,3.713572066704308
2023-01-15,0,33,0.45,0.8022233712512928,0,6,1,2023,15,3,3.6109179126442243
2023-01-16,0,33,0.85,0.8022233712512928,0,0,1,2023,16,1,3.8066624897703196
2023-01-17,0,33,1.4,0.8022233712512928,0,1,1,2023,17,5,4.02535169073515
2023-01-18,0,33,1.45,0.8022233712512928,0,2,1,2023,18,6,4.04305126783455
2023-01-19,0,33,1.35,0.8022233712512928,0,3,1,2023,19,4,4.007333185232471
2023-01-20,0,33,0.85,0.8022233712512928,0,4,1,2023,20,0,3.8066624897703196
2023-01-21,0,33,0.85,0.8022233712512928,0,5,1,2023,21,2,3.8066624897703196
2023-01-22,0,33,0.45,0.8022233712512928,0,6,1,2023,22,3,3.6109179126442243
2023-01-24,0,33,1.5,0.8022233712512928,0,1,1,2023,24,5,4.060443010546419
2023-01-25,0,33,1.35,0.8022233712512928,0,2,1,2023,25,6,4.007333185232471
2023-01-26,0,33,1.0,0.8022233712512928,0,3,1,2023,26,4,3.871201010907891
2023-01-27,0,33,0.75,0.8022233712512928,0,4,1,2023,27,0,3.7612001156935624
2023-01-28,0,33,0.85,0.8022233712512928,0,5,1,2023,28,2,3.8066624897703196
2023-01-29,0,33,0.9,0.8022233712512928,0,6,1,2023,29,3,3.828641396489095
2023-01-30,0,33,1.15,0.8022233712512928,0,0,1,2023,30,1,3.9318256327243257
2023-01-31,0,33,1.5,0.8022233712512928,0,1,1,2023,31,5,4.060443010546419
2023-02-01,0,33,1.55,0.8022233712512928,0,2,2,2023,1,6,4.07753744390572
2023-02-02,0,33,1.35,0.8022233712512928,0,3,2,2023,2,4,4.007333185232471
2023-02-03,0,33,0.9,0.8022233712512928,0,4,2,2023,3,0,3.828641396489095
2023-02-04,0,33,2.0,0.3386763185108584,1,5,2,2023,4,2,4.219507705176107
2023-02-05,0,33,0.6,0.8022233712512928,0,6,2,2023,5,3,3.6888794541139363
2023-02-06,0,33,1.3,0.8022233712512928,0,0,2,2023,6,1,3.9889840465642745
2023-02-07,0,33,1.9,0.8022233712512928,0,1,2,2023,7,5,4.189654742026425
2023-02-08,0,33,1.85,0.8022233712512928,0,2,2,2023,8,6,4.174387269895637
2023-02-09,0,33,1.3,0.8022233712512928,0,3,2,2023,9,4,3.9889840465642745
2023-02-10,0,33,0.8,0.8022233712512928,0,4,2,2023,10,0,3.784189633918261
2023-02-11,0,33,0.8,0.8022233712512928,0,5,2,2023,11,2,3.784189633918261
2023-02-12,0,33,0.9,0.8022233712512928,0,6,2,2023,12,3,3.828641396489095
2023-02-14,0,33,1.8,0.8022233712512928,0,1,2,2023,14,5,4.1588830833596715
2023-02-15,0,33,1.75,0.8022233712512928,0,2,2,2023,15,6,4.143134726391533
2023-02-16,0,33,1.45,0.8022233712512928,0,3,2,2023,16,4,4.04305126783455
2023-02-18,0,33,0.8,0.8022233712512928,0,5,2,2023,18,2,3.784189633918261
2023-02-19,0,33,1.85,0.3386763185108584,1,6,2,2023,19,3,4.174387269895637
2023-02-20,0,33,1.5,0.8022233712512928,0,0,2,2023,20,1,4.060443010546419
2023-02-21,0,33,1.85,0.8022233712512928,0,1,2,2023,21,5,4.174387269895637
2023-02-22,0,33,1.95,0.8022233712512928,0,2,2,2023,22,6,4.204692619390966
2023-02-23,0,33,1.4,0.8022233712512928,0,3,2,2023,23,4,4.02535169073515
2023-02-25,0,33,0.8,0.8022233712512928,0,5,2,2023,25,2,3.784189633918261
2023-02-27,0,33,1.45,0.8022233712512928,0,0,2,2023,27,1,4.04305126783455
2023-02-28,0,33,1.75,0.8022233712512928,0,1,2,2023,28,5,4.143134726391533
2023-03-01,0,33,1.85,0.8022233712512928,0,2,3,2023,1,6,4.174387269895637
2023-03-02,0,33,1.75,0.8022233712512928,0,3,3,2023,2,4,4.143134726391533
2023-03-03,0,33,1.0,0.8022233712512928,0,4,3,2023,3,0,3.871201010907891
2023-03-04,0,33,0.75,0.8022233712512928,0,5,3,2023,4,2,3.7612001156935624
2023-03-05,0,33,1.0,0.8022233712512928,0,6,3,2023,5,3,3.871201010907891
2023-03-06,0,33,1.55,0.8022233712512928,0,0,3,2023,6,1,4.07753744390572
2023-03-07,0,33,1.7,0.8022233712512928,0,1,3,2023,7,5,4.127134385045092
2023-03-09,0,33,1.5,0.8022233712512928,0,3,3,2023,9,4,4.060443010546419
2023-03-10,0,33,1.45,0.8022233712512928,0,4,3,2023,10,0,4.04305126783455
2023-03-11,0,33,1.1,0.8022233712512928,0,5,3,2023,11,2,3.912023005428146
2023-03-12,0,33,0.8,0.8022233712512928,0,6,3,2023,12,3,3.784189633918261
2023-03-13,0,33,1.2,0.8022233712512928,0,0,3,2023,13,1,3.9512437185814275
2023-03-14,0,33,2.0,0.8022233712512928,0,1,3,2023,14,5,4.219507705176107
2023-03-15,0,33,1.95,0.8022233712512928,0,2,3,2023,15,6,4.204692619390966
2023-03-16,0,33,1.55,0.8022233712512928,0,3,3,2023,16,4,4.07753744390572
2023-03-17,0,33,1.5,0.8022233712512928,0,4,3,2023,17,0,4.060443010546419
2023-03-18,0,33,0.75,0.8022233712512928,0,5,3,2023,18,2,3.7612001156935624
2023-03-19,0,33,0.95,0.8022233712512928,0,6,3,2023,19,3,3.8501476017100584
2023-03-20,0,33,1.4,0.8022233712512928,0,0,3,2023,20,1,4.02535169073515
2023-03-21,0,33,1.5,0.8022233712512928,0,1,3,2023,21,5,4.060443010546419
2023-03-22,0,33,2.05,0.8022233712512928,0,2,3,2023,22,6,4.23410650459726
2023-03-23,0,33,1.6,0.8022233712512928,0,3,3,2023,23,4,4.0943445622221
2023-03-24,0,33,1.35,0.8022233712512928,0,4,3,2023,24,0,4.007333185232471
2023-03-25,0,33,1.1,0.8022233712512928,0,5,3,2023,25,2,3.912023005428146
2023-03-26,0,33,1.1,0.8022233712512928,0,6,3,2023,26,3,3.912023005428146
2023-03-27,0,33,1.55,0.8022233712512928,0,0,3,2023,27,1,4.07753744390572
2023-03-29,0,33,1.95,0.8022233712512928,0,2,3,2023,29,6,4.204692619390966
2023-03-30,0,33,1.65,0.8022233712512928,0,3,3,2023,30,4,4.110873864173311
2023-03-31,0,33,1.45,0.8022233712512928,0,4,3,2023,31,0,4.04305126783455
2023-04-01,0,33,1.05,0.8022233712512928,0,5,4,2023,1,2,3.8918202981106265
2023-04-02,0,33,1.1,0.8022233712512928,0,6,4,2023,2,3,3.912023005428146
2023-04-03,0,33,1.6,0.8022233712512928,0,0,4,2023,3,1,4.0943445622221
2023-04-04,0,33,1.95,0.8022233712512928,0,1,4,2023,4,5,4.204692619390966
2023-04-06,0,33,1.85,0.8022233712512928,0,3,4,2023,6,4,4.174387269895637
2023-04-07,0,33,0.95,0.8022233712512928,0,4,4,2023,7,0,3.8501476017100584
2023-04-09,0,33,1.2,0.8022233712512928,0,6,4,2023,9,3,3.9512437185814275
2023-04-12,0,33,1.7,0.8022233712512928,0,2,4,2023,12,6,4.127134385045092
2023-04-13,0,33,1.8,0.8022233712512928,0,3,4,2023,13,4,4.1588830833596715
2023-04-14,0,33,1.25,0.8022233712512928,0,4,4,2023,14,0,3.970291913552122
2023-04-15,0,33,2.05,0.3386763185108584,1,5,4,2023,15,2,4.23410650459726
2023-04-16,0,33,1.05,0.8022233712512928,0,6,4,2023,16,3,3.8918202981106265
2023-04-17,0,33,1.55,0.8022233712512928,0,0,4,2023,17,1,4.07753744390572
2023-04-18,0,33,1.65,0.8022233712512928,0,1,4,2023,18,5,4.110873864173311
2023-04-20,0,33,1.65,0.8022233712512928,0,3,4,2023,20,4,4.110873864173311
2023-04-21,0,33,1.4,0.8022233712512928,0,4,4,2023,21,0,4.02535169073515
2023-04-23,0,33,0.95,0.8022233712512928,0,6,4,2023,23,3,3.8501476017100584
2023-04-24,0,33,1.45,0.8022233712512928,0,0,4,2023,24,1,4.04305126783455
2023-04-25,0,33,1.9,0.8022233712512928,0,1,4,2023,25,5,4.189654742026425
2023-04-27,0,33,1.5,0.8022233712512928,0,3,4,2023,27,4,4.060443010546419
2023-04-28,0,33,1.15,0.8022233712512928,0,4,4,2023,28,0,3.9318256327243257
2023-04-29,0,33,0.65,0.8022233712512928,0,5,4,2023,29,2,3.713572066704308
2023-04-30,0,33,1.0,0.8022233712512928,0,6,4,2023,30,3,3.871201010907891
2023-05-02,0,33,1.8,0.8022233712512928,0,1,5,2023,2,5,4.1588830833596715
2023-05-04,0,33,1.55,0.8022233712512928,0,3,5,2023,4,4,4.07753744390572
2023-05-05,0,33,1.15,0.8022233712512928,0,4,5,2023,5,0,3.9318256327243257
2023-05-06,0,33,0.8,0.8022233712512928,0,5,5,2023,6,2,3.784189633918261
2023-05-07,0,33,0.9,0.8022233712512928,0,6,5,2023,7,3,3.828641396489095
2023-05-08,0,33,1.8,0.8022233712512928,0,0,5,2023,8,1,4.1588830833596715
2023-05-10,0,33,2.0,0.8022233712512928,0,2,5,2023,10,6,4.219507705176107
2023-05-11,0,33,1.95,0.8022233712512928,0,3,5,2023,11,4,4.204692619390966
2023-05-13,0,33,0.85,0.8022233712512928,0,5,5,2023,13,2,3.8066624897703196
2023-05-14,0,33,0.75,0.8022233712512928,0,6,5,2023,14,3,3.7612001156935624
2023-05-15,0,33,1.55,0.8022233712512928,0,0,5,2023,15,1,4.07753744390572
2023-05-17,0,33,1.6,0.8022233712512928,0,2,5,2023,17,6,4.0943445622221
2023-05-18,0,33,1.5,0.8022233712512928,0,3,5,2023,18,4,4.060443010546419
2023-05-19,0,33,0.9,0.8022233712512928,0,4,5,2023,19,0,3.828641396489095
2023-05-20,0,33,0.35,0.8022233712512928,0,5,5,2023,20,2,3.5553480614894135
2023-05-21,0,33,0.7,0.8022233712512928,0,6,5,2023,21,3,3.7376696182833684
2023-05-22,0,33,1.3,0.8022233712512928,0,0,5,2023,22,1,3.9889840465642745
2023-05-23,0,33,1.8,0.8022233712512928,0,1,5,2023,23,5,4.1588830833596715
2023-05-24,0,33,1.75,0.8022233712512928,0,2,5,2023,24,6,4.143134726391533
2023-05-25,0,33,1.7,0.8022233712512928,0,3,5,2023,25,4,4.127134385045092
2023-05-26,0,33,1.2,0.8022233712512928,0,4,5,2023,26,0,3.9512437185814275
2023-05-27,0,33,0.7,0.8022233712512928,0,5,5,2023,27,2,3.7376696182833684
2023-05-28,0,33,0.8,0.8022233712512928,0,6,5,2023,28,3,3.784189633918261
2023-05-29,0,33,1.3,0.8022233712512928,0,0,5,2023,29,1,3.9889840465642745
2023-05-30,0,33,1.6,0.8022233712512928,0,1,5,2023,30,5,4.0943445622221
2023-05-31,0,33,1.5,0.8022233712512928,0,2,5,2023,31,6,4.060443010546419
2023-06-01,0,33,1.35,0.8022233712512928,0,3,6,2023,1,4,4.007333185232471
2023-06-02,0,33,1.05,0.8022233712512928,0,4,6,2023,2,0,3.8918202981106265
2023-06-03,0,33,0.9,0.8022233712512928,0,5,6,2023,3,2,3.828641396489095
2023-06-04,0,33,0.9,0.8022233712512928,0,6,6,2023,4,3,3.828641396489095
2023-06-05,0,33,1.2,0.8022233712512928,0,0,6,2023,5,1,3.9512437185814275
2023-06-07,0,33,1.7,0.8022233712512928,0,2,6,2023,7,6,4.127134385045092
2023-06-08,0,33,1.35,0.8022233712512928,0,3,6,2023,8,4,4.007333185232471
2023-06-09,0,33,1.1,0.8022233712512928,0,4,6,2023,9,0,3.912023005428146
2023-06-10,0,33,0.75,0.8022233712512928,0,5,6,2023,10,2,3.7612001156935624
2023-06-11,0,33,0.9,0.8022233712512928,0,6,6,2023,11,3,3.828641396489095
2023-06-12,0,33,0.9,0.8022233712512928,0,0,6,2023,12,1,3.828641396489095
2023-06-13,0,33,1.35,0.8022233712512928,0,1,6,2023,13,5,4.007333185232471
2023-06-14,0,33,1.4,0.8022233712512928,0,2,6,2023,14,6,4.02535169073515
2023-06-15,0,33,1.3,0.8022233712512928,0,3,6,2023,15,4,3.9889840465642745
2023-06-16,0,33,1.1,0.8022233712512928,0,4,6,2023,16,0,3.912023005428146
2023-06-17,0,33,0.4,0.8022233712512928,0,5,6,2023,17,2,3.58351893845611
2023-06-18,0,33,0.8,0.8022233712512928,0,6,6,2023,18,3,3.784189633918261
2023-06-19,0,33,0.85,0.8022233712512928,0,0,6,2023,19,1,3.8066624897703196
2023-06-20,0,33,1.7,0.8022233712512928,0,1,6,2023,20,5,4.127134385045092
2023-06-21,0,33,1.2,0.8022233712512928,0,2,6,2023,21,6,3.9512437185814275
2023-06-22,0,33,1.3,0.8022233712512928,0,3,6,2023,22,4,3.9889840465642745
2023-06-23,0,33,0.9,0.8022233712512928,0,4,6,2023,23,0,3.828641396489095
2023-06-24,0,33,0.6,0.8022233712512928,0,5,6,2023,24,2,3.6888794541139363
2023-06-25,0,33,0.45,0.8022233712512928,0,6,6,2023,25,3,3.6109179126442243
2023-06-26,0,33,0.8,0.8022233712512928,0,0,6,2023,26,1,3.784189633918261
2023-06-27,0,33,1.45,0.8022233712512928,0,1,6,2023,27,5,4.04305126783455
2023-06-28,0,33,1.5,0.8022233712512928,0,2,6,2023,28,6,4.060443010546419
2023-06-29,0,33,1.25,0.8022233712512928,0,3,6,2023,29,4,3.970291913552122
2023-06-30,0,33,0.85,0.8022233712512928,0,4,6,2023,30,0,3.8066624897703196
2023-07-01,0,33,0.2,0.8022233712512928,0,5,7,2023,1,2,3.4657359027997265
2023-07-02,0,33,0.3,0.8022233712512928,0,6,7,2023,2,3,3.5263605246161616
2023-07-03,0,33,0.75,0.8022233712512928,0,0,7,2023,3,1,3.7612001156935624
2023-07-04,0,33,1.1,0.8022233712512928,0,1,7,2023,4,5,3.912023005428146
2023-07-05,0,33,1.15,0.8022233712512928,0,2,7,2023,5,6,3.9318256327243257
2023-07-06,0,33,1.05,0.8022233712512928,0,3,7,2023,6,4,3.8918202981106265
2023-07-07,0,33,0.8,0.8022233712512928,0,4,7,2023,7,0,3.784189633918261
2023-07-08,0,33,0.35,0.8022233712512928,0,5,7,2023,8,2,3.5553480614894135
2023-07-09,0,33,0.35,0.8022233712512928,0,6,7,2023,9,3,3.5553480614894135
2023-07-10,0,33,0.9,0.8022233712512928,0,0,7,2023,10,1,3.828641396489095
2023-07-11,0,33,1.05,0.8022233712512928,0,1,7,2023,11,5,3.8918202981106265
2023-07-12,0,33,1.2,0.8022233712512928,0,2,7,2023,12,6,3.9512437185814275
2023-07-13,0,33,0.9,0.8022233712512928,0,3,7,2023,13,4,3.828641396489095
2023-07-14,0,33,0.6,0.8022233712512928,0,4,7,2023,14,0,3.6888794541139363
2023-07-15,0,33,0.15,0.8022233712512928,0,5,7,2023,15,2,3.4339872044851463
2023-07-16,0,33,0.5,0.8022233712512928,0,6,7,2023,16,3,3.6375861597263857
2023-07-17,0,33,0.7,0.8022233712512928,0,0,7,2023,17,1,3.7376696182833684
2023-07-18,0,33,0.9,0.8022233712512928,0,1,7,2023,18,5,3.828641396489095
2023-07-19,0,33,1.15,0.8022233712512928,0,2,7,2023,19,6,3.9318256327243257
2023-07-20,0,33,0.75,0.8022233712512928,0,3,7,2023,20,4,3.7612001156935624
2023-07-21,0,33,0.4,0.8022233712512928,0,4,7,2023,21,0,3.58351893845611
2023-07-22,0,33,0.1,0.8022233712512928,0,5,7,2023,22,2,3.4011973816621555
2023-07-23,0,33,0.05,0.8022233712512928,0,6,7,2023,23,3,3.367295829986474
2023-07-24,0,33,0.7,0.8022233712512928,0,0,7,2023,24,1,3.7376696182833684
2023-07-25,0,33,1.1,0.8022233712512928,0,1,7,2023,25,5,3.912023005428146
2023-07-26,0,33,0.9,0.8022233712512928,0,2,7,2023,26,6,3.828641396489095
2023-07-27,0,33,0.65,0.8022233712512928,0,3,7,2023,27,4,3.713572066704308
2023-07-28,0,33,0.15,0.8022233712512928,0,4,7,2023,28,0,3.4339872044851463
