data-science/data/preprocessed_dataset.csv
date,store_id,item_id,sales,price,promo,weekday,month,year,day,day_of_week,sales_log
2023-07-29,0,33,-0.15,0.8022233712512928,0,5,7,2023,29,2,3.2188758248682006
2023-07-30,0,33,0.35,0.8022233712512928,0,6,7,2023,30,3,3.5553480614894135
2023-07-31,0,33,0.25,0.8022233712512928,0,0,7,2023,31,1,3.4965075614664802
2023-08-01,0,33,1.75,0.3386763185108584,1,1,8,2023,1,5,4.143134726391533
2023-08-02,0,33,0.95,0.8022233712512928,0,2,8,2023,2,6,3.8501476017100584
2023-08-03,0,33,0.7,0.8022233712512928,0,3,8,2023,3,4,3.7376696182833684
2023-08-04,0,33,0.4,0.8022233712512928,0,4,8,2023,4,0,3.58351893845611
2023-08-05,0,33,0.15,0.8022233712512928,0,5,8,2023,5,2,3.4339872044851463
2023-08-06,0,33,0.15,0.8022233712512928,0,6,8,2023,6,3,3.4339872044851463
2023-08-07,0,33,0.3,0.8022233712512928,0,0,8,2023,7,1,3.5263605246161616
2023-08-08,0,33,0.65,0.8022233712512928,0,1,8,2023,8,5,3.713572066704308
2023-08-09,0,33,0.8,0.8022233712512928,0,2,8,2023,9,6,3.784189633918261
2023-08-10,0,33,0.35,0.8022233712512928,0,3,8,2023,10,4,3.5553480614894135
2023-08-11,0,33,0.2,0.8022233712512928,0,4,8,2023,11,0,3.4657359027997265
2023-08-12,0,33,0.05,0.8022233712512928,0,5,8,2023,12,2,3.367295829986474
2023-08-13,0,33,0.05,0.8022233712512928,0,6,8,2023,13,3,3.367295829986474
2023-08-14,0,33,1.25,0.3386763185108584,1,0,8,2023,14,1,3.970291913552122
2023-08-15,0,33,0.8,0.8022233712512928,0,1,8,2023,15,5,3.784189633918261
2023-08-16,0,33,0.85,0.8022233712512928,0,2,8,2023,16,6,3.8066624897703196
2023-08-17,0,33,0.8,0.8022233712512928,0,3,8,2023,17,4,3.784189633918261
2023-08-18,0,33,0.0,0.8022233712512928,0,4,8,2023,18,0,3.332204510175204
2023-08-19,0,33,0.0,0.8022233712512928,0,5,8,2023,19,2,3.332204510175204
2023-08-20,0,33,0.3,0.8022233712512928,0,6,8,2023,20,3,3.5263605246161616
2023-08-21,0,33,0.1,0.8022233712512928,0,0,8,2023,21,1,3.4011973816621555
2023-08-22,0,33,0.45,0.8022233712512928,0,1,8,2023,22,5,3.6109179126442243
2023-08-23,0,33,0.6,0.8022233712512928,0,2,8,2023,23,6,3.6888794541139363
2023-08-24,0,33,0.8,0.8022233712512928,0,3,8,2023,24,4,3.784189633918261
2023-08-25,0,33,0.05,0.8022233712512928,0,4,8,2023,25,0,3.367295829986474
2023-08-26,0,33,0.15,0.8022233712512928,0,5,8,2023,26,2,3.4339872044851463
2023-08-27,0,33,0.05,0.8022233712512928,0,6,8,2023,27,3,3.367295829986474
2023-08-28,0,33,0.15,0.8022233712512928,0,0,8,2023,28,1,3.4339872044851463
2023-08-29,0,33,1.0,0.8022233712512928,0,1,8,2023,29,5,3.871201010907891
2023-08-30,0,33,0.65,0.8022233712512928,0,2,8,2023,30,6,3.713572066704308
2023-08-31,0,33,0.5,0.8022233712512928,0,3,8,2023,31,4,3.6375861597263857
2023-09-01,0,33,0.25,0.8022233712512928,0,4,9,2023,1,0,3.4965075614664802
2023-09-02,0,33,0.05,0.8022233712512928,0,5,9,2023,2,2,3.367295829986474
2023-09-03,0,33,0.35,0.8022233712512928,0,6,9,2023,3,3,3.5553480614894135
2023-09-04,0,33,1.4,0.3386763185108584,1,0,9,2023,4,1,4.02535169073515
2023-09-05,0,33,0.4,0.8022233712512928,0,1,9,2023,5,5,3.58351893845611
2023-09-06,0,33,0.9,0.8022233712512928,0,2,9,2023,6,6,3.828641396489095
2023-09-07,0,33,1.2,0.3386763185108584,1,3,9,2023,7,4,3.9512437185814275
2023-09-08,0,33,0.2,0.8022233712512928,0,4,9,2023,8,0,3.4657359027997265
2023-09-09,0,33,-0.25,0.8022233712512928,0,5,9,2023,9,2,3.1354942159291497
2023-09-10,0,33,0.15,0.8022233712512928,0,6,9,2023,10,3,3.4339872044851463
2023-09-11,0,33,0.2,0.8022233712512928,0,0,9,2023,11,1,3.4657359027997265
2023-09-12,0,33,0.35,0.8022233712512928,0,1,9,2023,12,5,3.5553480614894135
2023-09-13,0,33,0.75,0.8022233712512928,0,2,9,2023,13,6,3.7612001156935624
2023-09-14,0,33,0.6,0.8022233712512928,0,3,9,2023,14,4,3.6888794541139363
2023-09-15,0,33,0.35,0.8022233712512928,0,4,9,2023,15,0,3.5553480614894135
2023-09-16,0,33,-0.3,0.8022233712512928,0,5,9,2023,16,2,3.091042453358316
2023-09-17,0,33,0.9,0.3386763185108584,1,6,9,2023,17,3,3.828641396489095
2023-09-18,0,33,0.2,0.8022233712512928,0,0,9,2023,18,1,3.4657359027997265
2023-09-19,0,33,0.8,0.8022233712512928,0,1,9,2023,19,5,3.784189633918261
2023-09-20,0,33,0.65,0.8022233712512928,0,2,9,2023,20,6,3.713572066704308
2023-09-21,0,33,0.4,0.8022233712512928,0,3,9,2023,21,4,3.58351893845611
2023-09-22,0,33,0.1,0.8022233712512928,0,4,9,2023,22,0,3.4011973816621555
2023-09-23,0,33,-0.1,0.8022233712512928,0,5,9,2023,23,2,3.258096538021482
2023-09-24,0,33,-0.1,0.8022233712512928,0,6,9,2023,24,3,3.258096538021482
2023-09-25,0,33,0.05,0.8022233712512928,0,0,9,2023,25,1,3.367295829986474
2023-09-26,0,33,0.4,0.8022233712512928,0,1,9,2023,26,5,3.58351893845611
2023-09-27,0,33,0.7,0.8022233712512928,0,2,9,2023,27,6,3.7376696182833684
2023-09-28,0,33,0.15,0.8022233712512928,0,3,9,2023,28,4,3.4339872044851463
2023-09-29,0,33,0.3,0.8022233712512928,0,4,9,2023,29,0,3.5263605246161616
2023-09-30,0,33,0.55,0.3386763185108584,1,5,9,2023,30,2,3.6635616461296463
2023-10-01,0,33,0.75,0.3386763185108584,1,6,10,2023,1,3,3.7612001156935624
2023-10-02,0,33,1.15,0.3386763185108584,1,0,10,2023,2,1,3.9318256327243257
2023-10-03,0,33,0.6,0.8022233712512928,0,1,10,2023,3,5,3.6888794541139363
2023-10-04,0,33,0.55,0.8022233712512928,0,2,10,2023,4,6,3.6635616461296463
2023-10-05,0,33,0.35,0.8022233712512928,0,3,10,2023,5,4,3.5553480614894135
2023-10-06,0,33,0.2,0.8022233712512928,0,4,10,2023,6,0,3.4657359027997265
2023-10-07,0,33,-0.25,0.8022233712512928,0,5,10,2023,7,2,3.1354942159291497
2023-10-08,0,33,-0.2,0.8022233712512928,0,6,10,2023,8,3,3.1780538303479458
2023-10-09,0,33,0.15,0.8022233712512928,0,0,10,2023,9,1,3.4339872044851463
2023-10-10,0,33,0.55,0.8022233712512928,0,1,10,2023,10,5,3.6635616461296463
2023-10-11,0,33,0.85,0.8022233712512928,0,2,10,2023,11,6,3.8066624897703196
2023-10-12,0,33,0.4,0.8022233712512928,0,3,10,2023,12,4,3.58351893845611
2023-10-13,0,33,0.4,0.8022233712512928,0,4,10,2023,13,0,3.58351893845611
2023-10-14,0,33,0.0,0.8022233712512928,0,5,10,2023,14,2,3.332204510175204
2023-10-15,0,33,0.6,0.3386763185108584,1,6,10,2023,15,3,3.6888794541139363
2023-10-16,0,33,0.4,0.8022233712512928,0,0,10,2023,16,1,3.58351893845611
2023-10-17,0,33,0.45,0.8022233712512928,0,1,10,2023,17,5,3.6109179126442243
2023-10-18,0,33,0.6,0.8022233712512928,0,2,10,2023,18,6,3.6888794541139363
2023-10-19,0,33,0.2,0.8022233712512928,0,3,10,2023,19,4,3.4657359027997265
2023-10-20,0,33,-0.1,0.8022233712512928,0,4,10,2023,20,0,3.258096538021482
2023-10-21,0,33,0.7,0.3386763185108584,1,5,10,2023,21,2,3.7376696182833684
2023-10-22,0,33,0.2,0.8022233712512928,0,6,10,2023,22,3,3.4657359027997265
2023-10-23,0,33,1.4,0.3386763185108584,1,0,10,2023,23,1,4.02535169073515
2023-10-24,0,33,0.4,0.8022233712512928,0,1,10,2023,24,5,3.58351893845611
2023-10-25,0,33,0.85,0.8022233712512928,0,2,10,2023,25,6,3.8066624897703196
2023-10-26,0,33,0.65,0.8022233712512928,0,3,10,2023,26,4,3.713572066704308
2023-10-27,0,33,0.1,0.8022233712512928,0,4,10,2023,27,0,3.4011973816621555
2023-10-28,0,33,0.2,0.8022233712512928,0,5,10,2023,28,2,3.4657359027997265
2023-10-29,0,33,0.2,0.8022233712512928,0,6,10,2023,29,3,3.4657359027997265
2023-10-30,0,33,0.5,0.8022233712512928,0,0,10,2023,30,1,3.6375861597263857
2023-10-31,0,33,0.9,0.8022233712512928,0,1,10,2023,31,5,3.828641396489095
2023-11-01,0,33,1.8,0.3386763185108584,1,2,11,2023,1,6,4.1588830833596715
2023-11-02,0,33,0.15,0.8022233712512928,0,3,11,2023,2,4,3.4339872044851463
2023-11-03,0,33,0.25,0.8022233712512928,0,4,11,2023,3,0,3.4965075614664802
2023-11-04,0,33,-0.2,0.8022233712512928,0,5,11,2023,4,2,3.1780538303479458
2023-11-05,0,33,0.1,0.8022233712512928,0,6,11,2023,5,3,3.4011973816621555
2023-11-06,0,33,0.35,0.8022233712512928,0,0,11,2023,6,1,3.5553480614894135
2023-11-07,0,33,0.55,0.8022233712512928,0,1,11,2023,7,5,3.6635616461296463
2023-11-08,0,33,0.55,0.8022233712512928,0,2,11,2023,8,6,3.6635616461296463
2023-11-09,0,33,0.45,0.8022233712512928,0,3,11,2023,9,4,3.6109179126442243
2023-11-10,0,33,0.2,0.8022233712512928,0,4,11,2023,10,0,3.4657359027997265
2023-11-11,0,33,0.05,0.8022233712512928,0,5,11,2023,11,2,3.367295829986474
2023-11-12,0,33,0.15,0.8022233712512928,0,6,11,2023,12,3,3.4339872044851463
2023-11-13,0,33,0.5,0.8022233712512928,0,0,11,2023,13,1,3.6375861597263857
2023-11-14,0,33,0.65,0.8022233712512928,0,1,11,2023,14,5,3.713572066704308
2023-11-15,0,33,0.95,0.8022233712512928,0,2,11,2023,15,6,3.8501476017100584
2023-11-16,0,33,0.6,0.8022233712512928,0,3,11,2023,16,4,3.6888794541139363
2023-11-17,0,33,0.45,0.8022233712512928,0,4,11,2023,17,0,3.6109179126442243
2023-11-18,0,33,0.05,0.8022233712512928,0,5,11,2023,18,2,3.367295829986474
2023-11-19,0,33,0.6,0.8022233712512928,0,6,11,2023,19,3,3.6888794541139363
2023-11-20,0,33,0.55,0.8022233712512928,0,0,11,2023,20,1,3.6635616461296463
2023-11-21,0,33,1.0,0.8022233712512928,0,1,11,2023,21,5,3.871201010907891
2023-11-22,0,33,0.75,0.8022233712512928,0,2,11,2023,22,6,3.7612001156935624
2023-11-23,0,33,0.6,0.8022233712512928,0,3,11,2023,23,4,3.6888794541139363
2023-11-24,0,33,0.3,0.8022233712512928,0,4,11,2023,24,0,3.5263605246161616
2023-11-25,0,33,0.55,0.8022233712512928,0,5,11,2023,25,2,3.6635616461296463
2023-11-26,0,33,0.2,0.8022233712512928,0,6,11,2023,26,3,3.4657359027997265
2023-11-27,0,33,0.4,0.8022233712512928,0,0,11,2023,27,1,3.58351893845611
2023-11-28,0,33,1.05,0.8022233712512928,0,1,11,2023,28,5,3.8918202981106265
2023-11-29,0,33,0.95,0.8022233712512928,0,2,11,2023,29,6,3.8501476017100584
2023-11-30,0,33,0.7,0.8022233712512928,0,3,11,2023,30,4,3.7376696182833684
2023-12-01,0,33,0.3,0.8022233712512928,0,4,12,2023,1,0,3.5263605246161616
2023-12-02,0,33,0.3,0.8022233712512928,0,5,12,2023,2,2,3.5263605246161616
2023-12-03,0,33,0.45,0.8022233712512928,0,6,12,2023,3,3,3.6109179126442243
2023-12-04,0,33,0.75,0.8022233712512928,0,0,12,2023,4,1,3.7612001156935624
2023-12-05,0,33,0.85,0.8022233712512928,0,1,12,2023,5,5,3.8066624897703196
2023-12-06,0,33,0.85,0.8022233712512928,0,2,12,2023,6,6,3.8066624897703196
2023-12-07,0,33,0.2,0.8022233712512928,0,3,12,2023,7,4,3.4657359027997265
2023-12-08,0,33,0.35,0.8022233712512928,0,4,12,2023,8,0,3.5553480614894135
2023-12-09,0,33,0.2,0.8022233712512928,0,5,12,2023,9,2,3.4657359027997265
2023-12-10,0,33,0.35,0.8022233712512928,0,6,12,2023,10,3,3.5553480614894135
2023-12-11,0,33,0.65,0.8022233712512928,0,0,12,2023,11,1,3.713572066704308
2023-12-12,0,33,1.45,0.8022233712512928,0,1,12,2023,12,5,4.04305126783455
2023-12-13,0,33,1.2,0.8022233712512928,0,2,12,2023,13,6,3.9512437185814275
2023-12-14,0,33,0.7,0.8022233712512928,0,3,12,2023,14,4,3.7376696182833684
2023-12-15,0,33,0.65,0.8022233712512928,0,4,12,2023,15,0,3.713572066704308
2023-12-16,0,33,0.4,0.8022233712512928,0,5,12,2023,16,2,3.58351893845611
2023-12-17,0,33,0.25,0.8022233712512928,0,6,12,2023,17,3,3.4965075614664802
2023-12-18,0,33,0.8,0.8022233712512928,0,0,12,2023,18,1,3.784189633918261
2023-12-19,0,33,1.2,0.8022233712512928,0,1,12,2023,19,5,3.9512437185814275
2023-12-20,0,33,1.35,0.8022233712512928,0,2,12,2023,20,6,4.007333185232471
2023-12-21,0,33,0.75,0.8022233712512928,0,3,12,2023,21,4,3.7612001156935624
2023-12-22,0,33,0.75,0.8022233712512928,0,4,12,2023,22,0,3.7612001156935624
2023-12-23,0,33,0.6,0.8022233712512928,0,5,12,2023,23,2,3.6888794541139363
2023-12-24,0,33,0.8,0.8022233712512928,0,6,12,2023,24,3,3.784189633918261
2023-12-25,0,33,0.65,0.8022233712512928,0,0,12,2023,25,1,3.713572066704308
2023-12-26,0,33,1.2,0.8022233712512928,0,1,12,2023,26,5,3.9512437185814275
2023-12-27,0,33,1.3,0.8022233712512928,0,2,12,2023,27,6,3.9889840465642745
2023-12-28,0,33,1.2,0.8022233712512928,0,3,12,2023,28,4,3.9512437185814275
2023-12-29,0,33,1.7,0.3386763185108584,1,4,12,2023,29,0,4.127134385045092
2023-12-30,0,33,0.35,0.8022233712512928,0,5,12,2023,30,2,3.5553480614894135
2023-12-31,0,33,0.6,0.8022233712512928,0,6,12,2023,31,3,3.6888794541139363
